Component: ARM Compiler 5.05 update 1 (build 106) Tool: armlink [4d0efa]

==============================================================================

Section Cross References

    main.o(.text) refers to _printf_percent.o(.ARM.Collect$$_printf_percent$$00000000) for _printf_percent
    main.o(.text) refers to _printf_f.o(.ARM.Collect$$_printf_percent$$00000003) for _printf_f
    main.o(.text) refers to printf1.o(x$fpl$printf1) for _printf_fp_dec
    main.o(.text) refers to faddsub_clz.o(x$fpl$fadd) for __aeabi_fadd
    main.o(.text) refers to cpu_a.o(.text) for CPU_SR_Save
    main.o(.text) refers to f2d.o(x$fpl$f2d) for __aeabi_f2d
    main.o(.text) refers to noretval__2printf.o(.text) for __2printf
    main.o(.text) refers to os_core.o(.text) for OS_Sched0
    main.o(.text) refers to delay.o(.text) for delay_ms
    main.o(.text) refers to os_time.o(.text) for OSTimeDlyHMSM
    main.o(.text) refers to cpu_core.o(.text) for CPU_Init
    main.o(.text) refers to os_stat.o(.text) for OSStatTaskCPUUsageInit
    main.o(.text) refers to os_task.o(.text) for OSTaskCreate
    main.o(.text) refers to misc.o(.text) for NVIC_PriorityGroupConfig
    main.o(.text) refers to usart.o(.text) for uart_init
    main.o(.text) refers to driver.o(.text) for LED_Init
    main.o(.text) refers to main.o(.data) for float_num
    main.o(.text) refers to os_var.o(.data) for OSSchedLockNestingCtr
    main.o(.text) refers to main.o(.bss) for LED0_TASK_STK
    system_stm32f10x.o(.text) refers to system_stm32f10x.o(.data) for SystemCoreClock
    driver.o(.text) refers to delay.o(.text) for delay_ms
    driver.o(.text) refers to driver.o(.data) for key_up
    delay.o(.text) refers to os_core.o(.text) for OSSchedLock
    delay.o(.text) refers to os_time.o(.text) for OSTimeDly
    delay.o(.text) refers to misc.o(.text) for SysTick_CLKSourceConfig
    delay.o(.text) refers to os_var.o(.data) for OSRunning
    delay.o(.text) refers to system_stm32f10x.o(.data) for SystemCoreClock
    delay.o(.text) refers to delay.o(.data) for fac_us
    delay.o(.text) refers to os_cfg_app.o(.constdata) for OSCfg_TickRate_Hz
    usart.o(.text) refers (Special) to use_no_semi_2.o(.text) for __use_no_semihosting
    usart.o(.text) refers to stm32f10x_rcc.o(.text) for RCC_APB2PeriphClockCmd
    usart.o(.text) refers to stm32f10x_usart.o(.text) for USART_DeInit
    usart.o(.text) refers to stm32f10x_gpio.o(.text) for GPIO_Init
    usart.o(.text) refers to misc.o(.text) for NVIC_Init
    usart.o(.text) refers to os_core.o(.text) for OSIntEnter
    usart.o(.text) refers to usart.o(.data) for USART_RX_STA
    usart.o(.text) refers to usart.o(.bss) for USART_RX_BUF
    usart.o(.bss) refers (Special) to use_no_semi_2.o(.text) for __use_no_semihosting
    usart.o(.data) refers (Special) to use_no_semi_2.o(.text) for __use_no_semihosting
    startup_stm32f10x_hd.o(STACK) refers (Special) to heapauxi.o(.text) for __use_two_region_memory
    startup_stm32f10x_hd.o(HEAP) refers (Special) to heapauxi.o(.text) for __use_two_region_memory
    startup_stm32f10x_hd.o(RESET) refers (Special) to heapauxi.o(.text) for __use_two_region_memory
    startup_stm32f10x_hd.o(RESET) refers to startup_stm32f10x_hd.o(STACK) for __initial_sp
    startup_stm32f10x_hd.o(RESET) refers to startup_stm32f10x_hd.o(.text) for Reset_Handler
    startup_stm32f10x_hd.o(RESET) refers to stm32f10x_it.o(.text) for NMI_Handler
    startup_stm32f10x_hd.o(RESET) refers to os_cpu_a.o(CODE) for PendSV_Handler
    startup_stm32f10x_hd.o(RESET) refers to delay.o(.text) for SysTick_Handler
    startup_stm32f10x_hd.o(RESET) refers to usart.o(.text) for USART1_IRQHandler
    startup_stm32f10x_hd.o(.text) refers (Special) to heapauxi.o(.text) for __use_two_region_memory
    startup_stm32f10x_hd.o(.text) refers to system_stm32f10x.o(.text) for SystemInit
    startup_stm32f10x_hd.o(.text) refers to __main.o(!!!main) for __main
    startup_stm32f10x_hd.o(.text) refers to startup_stm32f10x_hd.o(HEAP) for Heap_Mem
    startup_stm32f10x_hd.o(.text) refers to startup_stm32f10x_hd.o(STACK) for Stack_Mem
    stm32f10x_gpio.o(.text) refers to stm32f10x_rcc.o(.text) for RCC_APB2PeriphResetCmd
    stm32f10x_usart.o(.text) refers to stm32f10x_rcc.o(.text) for RCC_APB2PeriphResetCmd
    stm32f10x_rcc.o(.text) refers to stm32f10x_rcc.o(.data) for APBAHBPrescTable
    bsp.o(.text) refers to stm32f10x_rcc.o(.text) for RCC_GetClocksFreq
    bsp.o(.text) refers to cpu_core.o(.text) for CPU_TS_TmrFreqSet
    bsp.o(.text) refers to lludivv7m.o(.text) for __aeabi_uldivmod
    cpu_core.o(.text) refers to cpu_a.o(.text) for CPU_SR_Save
    cpu_core.o(.text) refers to lib_mem.o(.text) for Mem_Clr
    cpu_core.o(.text) refers to bsp.o(.text) for CPU_TS_TmrInit
    cpu_core.o(.text) refers to lib_str.o(.text) for Str_Copy_N
    cpu_core.o(.text) refers to cpu_core.o(.bss) for CPU_Name
    cpu_core.o(.text) refers to cpu_core.o(.data) for CPU_TS_TmrFreq_Hz
    cpu_core.o(.text) refers to cpu_core.o(.constdata) for CPU_CntLeadZerosTbl
[...]
    __rt_lib_init_lc_numeric_1               0x080001c1   Thumb Code     0  libinit2.o(.ARM.Collect$$libinit$$00000017)
    __rt_lib_init_lc_time_1                  0x080001c1   Thumb Code     0  libinit2.o(.ARM.Collect$$libinit$$00000019)
    __rt_lib_init_return                     0x080001c1   Thumb Code     0  libinit2.o(.ARM.Collect$$libinit$$00000033)
    __rt_lib_init_signal_1                   0x080001c1   Thumb Code     0  libinit2.o(.ARM.Collect$$libinit$$0000001D)
    __rt_lib_init_stdio_1                    0x080001c1   Thumb Code     0  libinit2.o(.ARM.Collect$$libinit$$00000025)
    __rt_lib_shutdown                        0x080001c3   Thumb Code     0  libshutdown.o(.ARM.Collect$$libshutdown$$00000000)
    __rt_lib_shutdown_fp_trap_1              0x080001c5   Thumb Code     0  libshutdown2.o(.ARM.Collect$$libshutdown$$00000006)
    __rt_lib_shutdown_heap_1                 0x080001c5   Thumb Code     0  libshutdown2.o(.ARM.Collect$$libshutdown$$0000000E)
    __rt_lib_shutdown_return                 0x080001c5   Thumb Code     0  libshutdown2.o(.ARM.Collect$$libshutdown$$0000000F)
    __rt_lib_shutdown_signal_1               0x080001c5   Thumb Code     0  libshutdown2.o(.ARM.Collect$$libshutdown$$00000009)
    __rt_lib_shutdown_stdio_1                0x080001c5   Thumb Code     0  libshutdown2.o(.ARM.Collect$$libshutdown$$00000003)
    __rt_lib_shutdown_user_alloc_1           0x080001c5   Thumb Code     0  libshutdown2.o(.ARM.Collect$$libshutdown$$0000000B)
    __rt_entry                               0x080001c7   Thumb Code     0  __rtentry.o(.ARM.Collect$$rtentry$$00000000)
    __rt_entry_presh_1                       0x080001c7   Thumb Code     0  __rtentry2.o(.ARM.Collect$$rtentry$$00000002)
    __rt_entry_sh                            0x080001c7   Thumb Code     0  __rtentry4.o(.ARM.Collect$$rtentry$$00000004)
    __rt_entry_li                            0x080001cd   Thumb Code     0  __rtentry2.o(.ARM.Collect$$rtentry$$0000000A)
    __rt_entry_postsh_1                      0x080001cd   Thumb Code     0  __rtentry2.o(.ARM.Collect$$rtentry$$00000009)
    __rt_entry_main                          0x080001d1   Thumb Code     0  __rtentry2.o(.ARM.Collect$$rtentry$$0000000D)
    __rt_entry_postli_1                      0x080001d1   Thumb Code     0  __rtentry2.o(.ARM.Collect$$rtentry$$0000000C)
    __rt_exit                                0x080001d9   Thumb Code     0  rtexit.o(.ARM.Collect$$rtexit$$00000000)
    __rt_exit_ls                             0x080001db   Thumb Code     0  rtexit2.o(.ARM.Collect$$rtexit$$00000003)
    __rt_exit_prels_1                        0x080001db   Thumb Code     0  rtexit2.o(.ARM.Collect$$rtexit$$00000002)
    __rt_exit_exit                           0x080001df   Thumb Code     0  rtexit2.o(.ARM.Collect$$rtexit$$00000004)
    float_task                               0x080001e5   Thumb Code   180  main.o(.text)
    led1_task                                0x08000299   Thumb Code    40  main.o(.text)
    led0_task                                0x080002c1   Thumb Code    60  main.o(.text)
    start_task                               0x080002fd   Thumb Code   318  main.o(.text)
    main                                     0x0800043b   Thumb Code   226  main.o(.text)
    NMI_Handler                              0x080005a9   Thumb Code     2  stm32f10x_it.o(.text)
    HardFault_Handler                        0x080005ab   Thumb Code     4  stm32f10x_it.o(.text)
    MemManage_Handler                        0x080005af   Thumb Code     4  stm32f10x_it.o(.text)
    BusFault_Handler                         0x080005b3   Thumb Code     4  stm32f10x_it.o(.text)
    UsageFault_Handler                       0x080005b7   Thumb Code     4  stm32f10x_it.o(.text)
    SVC_Handler                              0x080005bb   Thumb Code     2  stm32f10x_it.o(.text)
    DebugMon_Handler                         0x080005bd   Thumb Code     2  stm32f10x_it.o(.text)
    SystemInit                               0x0800069f   Thumb Code    78  system_stm32f10x.o(.text)
    SystemCoreClockUpdate                    0x080006ed   Thumb Code   142  system_stm32f10x.o(.text)
    LED_Init                                 0x080007a1   Thumb Code   100  driver.o(.text)
    BEEP_Init                                0x08000805   Thumb Code    46  driver.o(.text)
    KEY_Init                                 0x08000833   Thumb Code    86  driver.o(.text)
    KEY_Scan                                 0x08000889   Thumb Code   150  driver.o(.text)
    delay_osschedlock                        0x08000949   Thumb Code    10  delay.o(.text)
    delay_osschedunlock                      0x08000953   Thumb Code    10  delay.o(.text)
    delay_ostimedly                          0x0800095d   Thumb Code    16  delay.o(.text)
    SysTick_Handler                          0x0800096d   Thumb Code    24  delay.o(.text)
    delay_init                               0x08000985   Thumb Code    92  delay.o(.text)
    delay_us                                 0x080009e1   Thumb Code    86  delay.o(.text)
    delay_ms                                 0x08000a37   Thumb Code    66  delay.o(.text)
    _sys_exit                                0x08000a95   Thumb Code     6  usart.o(.text)
    fputc                                    0x08000a9b   Thumb Code    24  usart.o(.text)
    uart_init                                0x08000ab3   Thumb Code   158  usart.o(.text)
    USART1_IRQHandler                        0x08000b51   Thumb Code   130  usart.o(.text)
    Reset_Handler                            0x08000be5   Thumb Code     8  startup_stm32f10x_hd.o(.text)
    ADC1_2_IRQHandler                        0x08000bff   Thumb Code     0  startup_stm32f10x_hd.o(.text)
    ADC3_IRQHandler                          0x08000bff   Thumb Code     0  startup_stm32f10x_hd.o(.text)
    CAN1_RX1_IRQHandler                      0x08000bff   Thumb Code     0  startup_stm32f10x_hd.o(.text)
    CAN1_SCE_IRQHandler                      0x08000bff   Thumb Code     0  startup_stm32f10x_hd.o(.text)
    DMA1_Channel1_IRQHandler                 0x08000bff   Thumb Code     0  startup_stm32f10x_hd.o(.text)
    DMA1_Channel2_IRQHandler                 0x08000bff   Thumb Code     0  startup_stm32f10x_hd.o(.text)
    DMA1_Channel3_IRQHandler                 0x08000bff   Thumb Code     0  startup_stm32f10x_hd.o(.text)
    DMA1_Channel4_IRQHandler                 0x08000bff   Thumb Code     0  startup_stm32f10x_hd.o(.text)
    DMA1_Channel5_IRQHandler                 0x08000bff   Thumb Code     0  startup_stm32f10x_hd.o(.text)
    DMA1_Channel6_IRQHandler                 0x08000bff   Thumb Code     0  startup_stm32f10x_hd.o(.text)
    DMA1_Channel7_IRQHandler                 0x08000bff   Thumb Code     0  startup_stm32f10x_hd.o(.text)
    DMA2_Channel1_IRQHandler                 0x08000bff   Thumb Code     0  startup_stm32f10x_hd.o(.text)
    DMA2_Channel2_IRQHandler                 0x08000bff   Thumb Code     0  startup_stm32f10x_hd.o(.text)
    DMA2_Channel3_IRQHandler                 0x08000bff   Thumb Code     0  startup_stm32f10x_hd.o(.text)
    DMA2_Channel4_5_IRQHandler               0x08000bff   Thumb Code     0  startup_stm32f10x_hd.o(.text)
    EXTI0_IRQHandler                         0x08000bff   Thumb Code     0  startup_stm32f10x_hd.o(.text)
    EXTI15_10_IRQHandler                     0x08000bff   Thumb Code     0  startup_stm32f10x_hd.o(.text)
    EXTI1_IRQHandler                         0x08000bff   Thumb Code     0  startup_stm32f10x_hd.o(.text)
    EXTI2_IRQHandler                         0x08000bff   Thumb Code     0  startup_stm32f10x_hd.o(.text)
    EXTI3_IRQHandler                         0x08000bff   Thumb Code     0  startup_stm32f10x_hd.o(.text)
    EXTI4_IRQHandler                         0x08000bff   Thumb Code     0  startup_stm32f10x_hd.o(.text)
    EXTI9_5_IRQHandler                       0x08000bff   Thumb Code     0  startup_stm32f10x_hd.o(.text)
    FLASH_IRQHandler                         0x08000bff   Thumb Code     0  startup_stm32f10x_hd.o(.text)
    FSMC_IRQHandler                          0x08000bff   Thumb Code     0  startup_stm32f10x_hd.o(.text)
    I2C1_ER_IRQHandler                       0x08000bff   Thumb Code     0  startup_stm32f10x_hd.o(.text)
    I2C1_EV_IRQHandler                       0x08000bff   Thumb Code     0  startup_stm32f10x_hd.o(.text)
    I2C2_ER_IRQHandler                       0x08000bff   Thumb Code     0  startup_stm32f10x_hd.o(.text)
    I2C2_EV_IRQHandler                       0x08000bff   Thumb Code     0  startup_stm32f10x_hd.o(.text)
    PVD_IRQHandler                           0x08000bff   Thumb Code     0  startup_stm32f10x_hd.o(.text)
    RCC_IRQHandler                           0x08000bff   Thumb Code     0  startup_stm32f10x_hd.o(.text)
    RTCAlarm_IRQHandler                      0x08000bff   Thumb Code     0  startup_stm32f10x_hd.o(.text)
    RTC_IRQHandler                           0x08000bff   Thumb Code     0  startup_stm32f10x_hd.o(.text)
    SDIO_IRQHandler                          0x08000bff   Thumb Code     0  startup_stm32f10x_hd.o(.text)
    SPI1_IRQHandler                          0x08000bff   Thumb Code     0  startup_stm32f10x_hd.o(.text)
    SPI2_IRQHandler                          0x08000bff   Thumb Code     0  startup_stm32f10x_hd.o(.text)
    SPI3_IRQHandler                          0x08000bff   Thumb Code     0  startup_stm32f10x_hd.o(.text)
    TAMPER_IRQHandler                        0x08000bff   Thumb Code     0  startup_stm32f10x_hd.o(.text)
    TIM1_BRK_IRQHandler                      0x08000bff   Thumb Code     0  startup_stm32f10x_hd.o(.text)
    TIM1_CC_IRQHandler                       0x08000bff   Thumb Code     0  startup_stm32f10x_hd.o(.text)
    TIM1_TRG_COM_IRQHandler                  0x08000bff   Thumb Code     0  startup_stm32f10x_hd.o(.text)
    TIM1_UP_IRQHandler                       0x08000bff   Thumb Code     0  startup_stm32f10x_hd.o(.text)
    TIM2_IRQHandler                          0x08000bff   Thumb Code     0  startup_stm32f10x_hd.o(.text)
    TIM3_IRQHandler                          0x08000bff   Thumb Code     0  startup_stm32f10x_hd.o(.text)
    TIM4_IRQHandler                          0x08000bff   Thumb Code     0  startup_stm32f10x_hd.o(.text)
    TIM5_IRQHandler                          0x08000bff   Thumb Code     0  startup_stm32f10x_hd.o(.text)
    TIM6_IRQHandler                          0x08000bff   Thumb Code     0  startup_stm32f10x_hd.o(.text)
    TIM7_IRQHandler                          0x08000bff   Thumb Code     0  startup_stm32f10x_hd.o(.text)
    TIM8_BRK_IRQHandler                      0x08000bff   Thumb Code     0  startup_stm32f10x_hd.o(.text)
    TIM8_CC_IRQHandler                       0x08000bff   Thumb Code     0  startup_stm32f10x_hd.o(.text)
    TIM8_TRG_COM_IRQHandler                  0x08000bff   Thumb Code     0  startup_stm32f10x_hd.o(.text)
    TIM8_UP_IRQHandler                       0x08000bff   Thumb Code     0  startup_stm32f10x_hd.o(.text)
    UART4_IRQHandler                         0x08000bff   Thumb Code     0  startup_stm32f10x_hd.o(.text)
    UART5_IRQHandler                         0x08000bff   Thumb Code     0  startup_stm32f10x_hd.o(.text)
    USART2_IRQHandler                        0x08000bff   Thumb Code     0  startup_stm32f10x_hd.o(.text)
    USART3_IRQHandler                        0x08000bff   Thumb Code     0  startup_stm32f10x_hd.o(.text)
    USBWakeUp_IRQHandler                     0x08000bff   Thumb Code     0  startup_stm32f10x_hd.o(.text)
    USB_HP_CAN1_TX_IRQHandler                0x08000bff   Thumb Code     0  startup_stm32f10x_hd.o(.text)
    USB_LP_CAN1_RX0_IRQHandler               0x08000bff   Thumb Code     0  startup_stm32f10x_hd.o(.text)
    WWDG_IRQHandler                          0x08000bff   Thumb Code     0  startup_stm32f10x_hd.o(.text)
    __user_initial_stackheap                 0x08000c01   Thumb Code     0  startup_stm32f10x_hd.o(.text)
    NVIC_PriorityGroupConfig                 0x08000c25   Thumb Code    10  misc.o(.text)
    NVIC_Init                                0x08000c2f   Thumb Code   100  misc.o(.text)
    NVIC_SetVectorTable                      0x08000c93   Thumb Code    14  misc.o(.text)
    NVIC_SystemLPConfig                      0x08000ca1   Thumb Code    34  misc.o(.text)
    SysTick_CLKSourceConfig                  0x08000cc3   Thumb Code    40  misc.o(.text)
    GPIO_DeInit                              0x08000d01   Thumb Code   172  stm32f10x_gpio.o(.text)
    GPIO_AFIODeInit                          0x08000dad   Thumb Code    20  stm32f10x_gpio.o(.text)
    GPIO_Init                                0x08000dc1   Thumb Code   278  stm32f10x_gpio.o(.text)
    GPIO_StructInit                          0x08000ed7   Thumb Code    16  stm32f10x_gpio.o(.text)
    GPIO_ReadInputDataBit                    0x08000ee7   Thumb Code    18  stm32f10x_gpio.o(.text)
    GPIO_ReadInputData                       0x08000ef9   Thumb Code     8  stm32f10x_gpio.o(.text)
    GPIO_ReadOutputDataBit                   0x08000f01   Thumb Code    18  stm32f10x_gpio.o(.text)
    GPIO_ReadOutputData                      0x08000f13   Thumb Code     8  stm32f10x_gpio.o(.text)
    GPIO_SetBits                             0x08000f1b   Thumb Code     4  stm32f10x_gpio.o(.text)
    GPIO_ResetBits                           0x08000f1f   Thumb Code     4  stm32f10x_gpio.o(.text)
    GPIO_WriteBit                            0x08000f23   Thumb Code    10  stm32f10x_gpio.o(.text)
    GPIO_Write                               0x08000f2d   Thumb Code     4  stm32f10x_gpio.o(.text)
    GPIO_PinLockConfig                       0x08000f31   Thumb Code    18  stm32f10x_gpio.o(.text)
    GPIO_EventOutputConfig                   0x08000f43   Thumb Code    26  stm32f10x_gpio.o(.text)
    GPIO_EventOutputCmd                      0x08000f5d   Thumb Code     6  stm32f10x_gpio.o(.text)
    GPIO_PinRemapConfig                      0x08000f63   Thumb Code   138  stm32f10x_gpio.o(.text)
    GPIO_EXTILineConfig                      0x08000fed   Thumb Code    66  stm32f10x_gpio.o(.text)
    GPIO_ETH_MediaInterfaceConfig            0x0800102f   Thumb Code     8  stm32f10x_gpio.o(.text)
    USART_DeInit                             0x0800105d   Thumb Code   134  stm32f10x_usart.o(.text)
    USART_Init                               0x080010e3   Thumb Code   210  stm32f10x_usart.o(.text)
    USART_StructInit                         0x080011b5   Thumb Code    24  stm32f10x_usart.o(.text)
    USART_ClockInit                          0x080011cd   Thumb Code    34  stm32f10x_usart.o(.text)
    USART_ClockStructInit                    0x080011ef   Thumb Code    12  stm32f10x_usart.o(.text)
    USART_Cmd                                0x080011fb   Thumb Code    24  stm32f10x_usart.o(.text)
    USART_ITConfig                           0x08001213   Thumb Code    74  stm32f10x_usart.o(.text)
    USART_DMACmd                             0x0800125d   Thumb Code    18  stm32f10x_usart.o(.text)
    USART_SetAddress                         0x0800126f   Thumb Code    18  stm32f10x_usart.o(.text)
    USART_WakeUpConfig                       0x08001281   Thumb Code    18  stm32f10x_usart.o(.text)
    USART_ReceiverWakeUpCmd                  0x08001293   Thumb Code    24  stm32f10x_usart.o(.text)
    USART_LINBreakDetectLengthConfig         0x080012ab   Thumb Code    18  stm32f10x_usart.o(.text)
    USART_LINCmd                             0x080012bd   Thumb Code    24  stm32f10x_usart.o(.text)
    USART_SendData                           0x080012d5   Thumb Code     8  stm32f10x_usart.o(.text)
    USART_ReceiveData                        0x080012dd   Thumb Code    10  stm32f10x_usart.o(.text)
    USART_SendBreak                          0x080012e7   Thumb Code    10  stm32f10x_usart.o(.text)
    USART_SetGuardTime                       0x080012f1   Thumb Code    16  stm32f10x_usart.o(.text)
    USART_SetPrescaler                       0x08001301   Thumb Code    16  stm32f10x_usart.o(.text)
    USART_SmartCardCmd                       0x08001311   Thumb Code    24  stm32f10x_usart.o(.text)
    USART_SmartCardNACKCmd                   0x08001329   Thumb Code    24  stm32f10x_usart.o(.text)
    USART_HalfDuplexCmd                      0x08001341   Thumb Code    24  stm32f10x_usart.o(.text)
    USART_OverSampling8Cmd                   0x08001359   Thumb Code    22  stm32f10x_usart.o(.text)
    USART_OneBitMethodCmd                    0x0800136f   Thumb Code    24  stm32f10x_usart.o(.text)
    USART_IrDAConfig                         0x08001387   Thumb Code    18  stm32f10x_usart.o(.text)
    USART_IrDACmd                            0x08001399   Thumb Code    24  stm32f10x_usart.o(.text)
    USART_GetFlagStatus                      0x080013b1   Thumb Code    26  stm32f10x_usart.o(.text)
    USART_ClearFlag                          0x080013cb   Thumb Code    18  stm32f10x_usart.o(.text)
    USART_GetITStatus                        0x080013dd   Thumb Code    84  stm32f10x_usart.o(.text)
    USART_ClearITPendingBit                  0x08001431   Thumb Code    52  stm32f10x_usart.o(.text)
    RCC_DeInit                               0x08001465   Thumb Code    64  stm32f10x_rcc.o(.text)
    RCC_HSEConfig                            0x080014a5   Thumb Code    70  stm32f10x_rcc.o(.text)
    RCC_GetFlagStatus                        0x080014eb   Thumb Code    56  stm32f10x_rcc.o(.text)
    RCC_WaitForHSEStartUp                    0x08001523   Thumb Code    56  stm32f10x_rcc.o(.text)
    RCC_AdjustHSICalibrationValue            0x0800155b   Thumb Code    20  stm32f10x_rcc.o(.text)
    RCC_HSICmd                               0x0800156f   Thumb Code     6  stm32f10x_rcc.o(.text)
    RCC_PLLConfig                            0x08001575   Thumb Code    24  stm32f10x_rcc.o(.text)
    RCC_PLLCmd                               0x0800158d   Thumb Code     6  stm32f10x_rcc.o(.text)
    RCC_SYSCLKConfig                         0x08001593   Thumb Code    18  stm32f10x_rcc.o(.text)
    RCC_GetSYSCLKSource                      0x080015a5   Thumb Code    10  stm32f10x_rcc.o(.text)
    RCC_HCLKConfig                           0x080015af   Thumb Code    18  stm32f10x_rcc.o(.text)
    RCC_PCLK1Config                          0x080015c1   Thumb Code    18  stm32f10x_rcc.o(.text)
    RCC_PCLK2Config                          0x080015d3   Thumb Code    20  stm32f10x_rcc.o(.text)
    RCC_ITConfig                             0x080015e7   Thumb Code    26  stm32f10x_rcc.o(.text)
    RCC_USBCLKConfig                         0x08001601   Thumb Code     8  stm32f10x_rcc.o(.text)
    RCC_ADCCLKConfig                         0x08001609   Thumb Code    18  stm32f10x_rcc.o(.text)
    RCC_LSEConfig                            0x0800161b   Thumb Code    50  stm32f10x_rcc.o(.text)
    RCC_LSICmd                               0x0800164d   Thumb Code     6  stm32f10x_rcc.o(.text)
    RCC_RTCCLKConfig                         0x08001653   Thumb Code    12  stm32f10x_rcc.o(.text)
    RCC_RTCCLKCmd                            0x0800165f   Thumb Code     8  stm32f10x_rcc.o(.text)
    RCC_GetClocksFreq                        0x08001667   Thumb Code   192  stm32f10x_rcc.o(.text)
    RCC_AHBPeriphClockCmd                    0x08001727   Thumb Code    26  stm32f10x_rcc.o(.text)
    RCC_APB2PeriphClockCmd                   0x08001741   Thumb Code    26  stm32f10x_rcc.o(.text)
    RCC_APB1PeriphClockCmd                   0x0800175b   Thumb Code    26  stm32f10x_rcc.o(.text)
    RCC_APB2PeriphResetCmd                   0x08001775   Thumb Code    26  stm32f10x_rcc.o(.text)
    RCC_APB1PeriphResetCmd                   0x0800178f   Thumb Code    26  stm32f10x_rcc.o(.text)
    RCC_BackupResetCmd                       0x080017a9   Thumb Code     8  stm32f10x_rcc.o(.text)
    RCC_ClockSecuritySystemCmd               0x080017b1   Thumb Code     6  stm32f10x_rcc.o(.text)
    RCC_MCOConfig                            0x080017b7   Thumb Code     6  stm32f10x_rcc.o(.text)
    RCC_ClearFlag                            0x080017bd   Thumb Code    14  stm32f10x_rcc.o(.text)
    RCC_GetITStatus                          0x080017cb   Thumb Code    20  stm32f10x_rcc.o(.text)
    RCC_ClearITPendingBit                    0x080017df   Thumb Code     6  stm32f10x_rcc.o(.text)
    BSP_CPU_ClkFreq                          0x08001809   Thumb Code    16  bsp.o(.text)
    CPU_TS_TmrInit                           0x08001819   Thumb Code    44  bsp.o(.text)
    CPU_TS_TmrRd                             0x08001845   Thumb Code     6  bsp.o(.text)
    CPU_TS32_to_uSec                         0x0800184b   Thumb Code    54  bsp.o(.text)
    CPU_NameClr                              0x0800188d   Thumb Code    42  cpu_core.o(.text)
    CPU_Init                                 0x080018cd   Thumb Code    12  cpu_core.o(.text)
    CPU_SW_Exception                         0x080018d9   Thumb Code     4  cpu_core.o(.text)
    CPU_NameGet                              0x080018dd   Thumb Code    70  cpu_core.o(.text)
    CPU_NameSet                              0x08001923   Thumb Code    96  cpu_core.o(.text)
    CPU_TS_Get32                             0x08001983   Thumb Code    12  cpu_core.o(.text)
    CPU_TS_Update                            0x0800198f   Thumb Code     2  cpu_core.o(.text)
    CPU_TS_TmrFreqGet                        0x08001991   Thumb Code    30  cpu_core.o(.text)
    CPU_TS_TmrFreqSet                        0x080019af   Thumb Code     6  cpu_core.o(.text)
    CPU_CntLeadZeros08                       0x080019b5   Thumb Code    18  cpu_core.o(.text)
    CPU_CntLeadZeros16                       0x080019c7   Thumb Code    18  cpu_core.o(.text)
    CPU_CntLeadZeros32                       0x080019d9   Thumb Code    18  cpu_core.o(.text)
    CPU_CntLeadZeros64                       0x080019eb   Thumb Code   188  cpu_core.o(.text)
    CPU_CntTrailZeros08                      0x08001aa7   Thumb Code    22  cpu_core.o(.text)
    CPU_CntTrailZeros16                      0x08001abd   Thumb Code    22  cpu_core.o(.text)
    CPU_CntTrailZeros32                      0x08001ad3   Thumb Code    22  cpu_core.o(.text)
    CPU_CntTrailZeros64                      0x08001ae9   Thumb Code    62  cpu_core.o(.text)
    CPU_IntDis                               0x08001b35   Thumb Code     0  cpu_a.o(.text)
    CPU_IntEn                                0x08001b39   Thumb Code     0  cpu_a.o(.text)
    CPU_SR_Save                              0x08001b3d   Thumb Code     0  cpu_a.o(.text)
    CPU_SR_Restore                           0x08001b45   Thumb Code     0  cpu_a.o(.text)
    CPU_WaitForInt                           0x08001b4b   Thumb Code     0  cpu_a.o(.text)
    CPU_WaitForExcept                        0x08001b4f   Thumb Code     0  cpu_a.o(.text)
    CPU_CntLeadZeros                         0x08001b53   Thumb Code     0  cpu_a.o(.text)
    CPU_CntTrailZeros                        0x08001b59   Thumb Code     0  cpu_a.o(.text)
    CPU_RevBits                              0x08001b63   Thumb Code     0  cpu_a.o(.text)
    ASCII_IsAlpha                            0x08001b69   Thumb Code    48  lib_ascii.o(.text)
    ASCII_IsAlphaNum                         0x08001b99   Thumb Code    76  lib_ascii.o(.text)
    ASCII_IsLower                            0x08001be5   Thumb Code    20  lib_ascii.o(.text)
    ASCII_IsUpper                            0x08001bf9   Thumb Code    20  lib_ascii.o(.text)
    ASCII_IsDig                              0x08001c0d   Thumb Code    20  lib_ascii.o(.text)
    ASCII_IsDigOct                           0x08001c21   Thumb Code    20  lib_ascii.o(.text)
    ASCII_IsDigHex                           0x08001c35   Thumb Code    36  lib_ascii.o(.text)
    ASCII_IsBlank                            0x08001c59   Thumb Code    20  lib_ascii.o(.text)
    ASCII_IsSpace                            0x08001c6d   Thumb Code    36  lib_ascii.o(.text)
    ASCII_IsPrint                            0x08001c91   Thumb Code    20  lib_ascii.o(.text)
    ASCII_IsGraph                            0x08001ca5   Thumb Code    20  lib_ascii.o(.text)
    ASCII_IsPunct                            0x08001cb9   Thumb Code   134  lib_ascii.o(.text)
    ASCII_IsCtrl                             0x08001d3f   Thumb Code    26  lib_ascii.o(.text)
    ASCII_ToLower                            0x08001d59   Thumb Code    32  lib_ascii.o(.text)
    ASCII_ToUpper                            0x08001d79   Thumb Code    32  lib_ascii.o(.text)
    ASCII_Cmp                                0x08001d99   Thumb Code    38  lib_ascii.o(.text)
    Mem_Init                                 0x08001dc1   Thumb Code    54  lib_mem.o(.text)
    Mem_Set                                  0x08001df7   Thumb Code    84  lib_mem.o(.text)
    Mem_Clr                                  0x08001e4b   Thumb Code    18  lib_mem.o(.text)
    Mem_Move                                 0x08001e5d   Thumb Code   186  lib_mem.o(.text)
    Mem_Cmp                                  0x08001f17   Thumb Code   192  lib_mem.o(.text)
    Mem_HeapAlloc                            0x0800204f   Thumb Code   168  lib_mem.o(.text)
    Mem_SegGetSizeRem                        0x080020f7   Thumb Code   108  lib_mem.o(.text)
    Mem_HeapGetSizeRem                       0x08002163   Thumb Code    22  lib_mem.o(.text)
    Mem_PoolClr                              0x08002179   Thumb Code    80  lib_mem.o(.text)
    Mem_PoolCreate                           0x080021c9   Thumb Code   838  lib_mem.o(.text)
    Mem_PoolBlkGetNbrAvail                   0x0800250f   Thumb Code    52  lib_mem.o(.text)
    Mem_PoolBlkGet                           0x08002543   Thumb Code   126  lib_mem.o(.text)
    Mem_PoolBlkGetUsedAtIx                   0x080025c1   Thumb Code   140  lib_mem.o(.text)
    Mem_PoolBlkFree                          0x0800264d   Thumb Code   152  lib_mem.o(.text)
    Mem_PoolBlkIxGet                         0x080026e5   Thumb Code   162  lib_mem.o(.text)
    Str_Len_N                                0x08002789   Thumb Code    28  lib_str.o(.text)
    Str_Len                                  0x080027a5   Thumb Code    20  lib_str.o(.text)
    Str_Copy_N                               0x080027b9   Thumb Code    70  lib_str.o(.text)
    Str_Copy                                 0x080027ff   Thumb Code    24  lib_str.o(.text)
    Str_Cat_N                                0x08002817   Thumb Code    90  lib_str.o(.text)
    Str_Cat                                  0x08002871   Thumb Code    24  lib_str.o(.text)
    Str_Cmp_N                                0x08002889   Thumb Code   156  lib_str.o(.text)
    Str_Cmp                                  0x08002925   Thumb Code    24  lib_str.o(.text)
    Str_CmpIgnoreCase_N                      0x0800293d   Thumb Code   264  lib_str.o(.text)
    Str_CmpIgnoreCase                        0x08002a45   Thumb Code    24  lib_str.o(.text)
    Str_Char_N                               0x08002a5d   Thumb Code    74  lib_str.o(.text)
    Str_Char                                 0x08002aa7   Thumb Code    24  lib_str.o(.text)
    Str_Char_Last_N                          0x08002abf   Thumb Code    76  lib_str.o(.text)
    Str_Char_Last                            0x08002b0b   Thumb Code    24  lib_str.o(.text)
    Str_Char_Replace_N                       0x08002b23   Thumb Code    52  lib_str.o(.text)
    Str_Char_Replace                         0x08002b57   Thumb Code    28  lib_str.o(.text)
    Str_Str_N                                0x08002b73   Thumb Code   182  lib_str.o(.text)
    Str_Str                                  0x08002c29   Thumb Code    24  lib_str.o(.text)
    Str_FmtNbr_Int32U                        0x08002e1d   Thumb Code    46  lib_str.o(.text)
    Str_FmtNbr_Int32S                        0x08002e4b   Thumb Code    62  lib_str.o(.text)
    Str_ParseNbr_Int32U                      0x08003047   Thumb Code    30  lib_str.o(.text)
    Str_ParseNbr_Int32S                      0x08003065   Thumb Code    74  lib_str.o(.text)
    Mem_Copy                                 0x080030b5   Thumb Code     0  lib_mem_a.o(.text)
    OSCfg_Init                               0x080032d5   Thumb Code    86  os_cfg_app.o(.text)
    OS_IdleTask                              0x080033d1   Thumb Code    60  os_core.o(.text)
    OS_IdleTaskInit                          0x0800340d   Thumb Code    68  os_core.o(.text)
    OS_RdyListInit                           0x08003451   Thumb Code    32  os_core.o(.text)
    OSInit                                   0x08003471   Thumb Code   300  os_core.o(.text)
    OSIntEnter                               0x0800359d   Thumb Code    34  os_core.o(.text)
    OSIntExit                                0x080035bf   Thumb Code   192  os_core.o(.text)
    OSSched                                  0x0800367f   Thumb Code   134  os_core.o(.text)
    OS_SchedLockTimeMeasStart                0x08003705   Thumb Code    20  os_core.o(.text)
    OSSchedLock                              0x08003719   Thumb Code   104  os_core.o(.text)
    OS_SchedLockTimeMeasStop                 0x08003781   Thumb Code    44  os_core.o(.text)
    OSSchedUnlock                            0x080037ad   Thumb Code   290  os_core.o(.text)
    OSSchedRoundRobinCfg                     0x080038cf   Thumb Code    88  os_core.o(.text)
    OS_RdyListMoveHeadToTail                 0x08003927   Thumb Code    68  os_core.o(.text)
    OSSchedRoundRobinYield                   0x0800396b   Thumb Code   164  os_core.o(.text)
    OSStart                                  0x08003a0f   Thumb Code    78  os_core.o(.text)
    OSVersion                                0x08003a5d   Thumb Code    12  os_core.o(.text)
    OS_PendDbgNameAdd                        0x08003a69   Thumb Code    66  os_core.o(.text)
    OS_PendListInsertPrio                    0x08003aab   Thumb Code   102  os_core.o(.text)
    OS_PendDataInit                          0x08003b11   Thumb Code    38  os_core.o(.text)
    OS_RdyListRemove                         0x08003b37   Thumb Code    86  os_core.o(.text)
    OS_TaskBlock                             0x08003b8d   Thumb Code    56  os_core.o(.text)
    OS_Pend                                  0x08003bc5   Thumb Code    98  os_core.o(.text)
    OS_PendListRemove1                       0x08003c27   Thumb Code   134  os_core.o(.text)
    OS_PendListRemove                        0x08003cad   Thumb Code    48  os_core.o(.text)
    OS_PendAbort1                            0x08003cdd   Thumb Code    36  os_core.o(.text)
    OS_RdyListInsertHead                     0x08003d01   Thumb Code    58  os_core.o(.text)
    OS_RdyListInsertTail                     0x08003d3b   Thumb Code    56  os_core.o(.text)
    OS_RdyListInsert                         0x08003d73   Thumb Code    40  os_core.o(.text)
    OS_TaskRdy                               0x08003d9b   Thumb Code    28  os_core.o(.text)
    OS_PendAbort                             0x08003db7   Thumb Code   166  os_core.o(.text)
    OS_PendDbgNameRemove                     0x08003e5d   Thumb Code    34  os_core.o(.text)
    OS_PendListChangePrio                    0x08003e7f   Thumb Code    70  os_core.o(.text)
    OS_PendListInit                          0x08003ec5   Thumb Code    10  os_core.o(.text)
    OS_PendListInsertHead                    0x08003ecf   Thumb Code    32  os_core.o(.text)
    OS_PendObjDel1                           0x08003eef   Thumb Code    36  os_core.o(.text)
    OS_PendObjDel                            0x08003f13   Thumb Code   162  os_core.o(.text)
    OS_Post1                                 0x08003fb5   Thumb Code    42  os_core.o(.text)
    OS_Post                                  0x08003fdf   Thumb Code   192  os_core.o(.text)
    OS_Sched0                                0x0800409f   Thumb Code   102  os_core.o(.text)
    OS_SchedRoundRobin                       0x08004105   Thumb Code   190  os_core.o(.text)
    OS_Dbg_Init                              0x080041d5   Thumb Code   146  os_dbg.o(.text)
    OS_FlagDbgListAdd                        0x08004385   Thumb Code    38  os_flag.o(.text)
    OSFlagCreate                             0x080043ab   Thumb Code   172  os_flag.o(.text)
    OS_FlagClr                               0x08004457   Thumb Code    28  os_flag.o(.text)
    OS_FlagDbgListRemove                     0x08004473   Thumb Code    44  os_flag.o(.text)
    OSFlagDel                                0x0800449f   Thumb Code   594  os_flag.o(.text)
    OS_FlagBlock                             0x080046f1   Thumb Code    58  os_flag.o(.text)
    OSFlagPend                               0x0800472b   Thumb Code  1488  os_flag.o(.text)
    OSFlagPendAbort                          0x08004cfb   Thumb Code   292  os_flag.o(.text)
    OSFlagPendGetFlagsRdy                    0x08004e1f   Thumb Code    68  os_flag.o(.text)
    OS_FlagTaskRdy                           0x08004e63   Thumb Code    86  os_flag.o(.text)
    OS_FlagPost                              0x08004eb9   Thumb Code   570  os_flag.o(.text)
    OSFlagPost                               0x080050f3   Thumb Code   146  os_flag.o(.text)
    OS_FlagInit                              0x08005185   Thumb Code    14  os_flag.o(.text)
    OS_IntQPost                              0x080051ad   Thumb Code   216  os_int.o(.text)
    OS_IntQRePost                            0x08005285   Thumb Code   360  os_int.o(.text)
    OS_IntQTask                              0x080053ed   Thumb Code   162  os_int.o(.text)
    OS_IntQTaskInit                          0x0800548f   Thumb Code   208  os_int.o(.text)
    OS_MemDbgListAdd                         0x080055f1   Thumb Code    34  os_mem.o(.text)
    OSMemCreate                              0x08005613   Thumb Code   288  os_mem.o(.text)
    OSMemGet                                 0x08005733   Thumb Code   100  os_mem.o(.text)
    OSMemPut                                 0x08005797   Thumb Code   112  os_mem.o(.text)
    OS_MemInit                               0x08005807   Thumb Code    14  os_mem.o(.text)
    OS_MsgPoolCreate                         0x08005829   Thumb Code    54  os_msg.o(.text)
    OS_MsgPoolInit                           0x0800585f   Thumb Code    70  os_msg.o(.text)
    OS_MsgQFreeAll                           0x080058a5   Thumb Code    62  os_msg.o(.text)
    OS_MsgQInit                              0x080058e3   Thumb Code    14  os_msg.o(.text)
    OS_MsgQGet                               0x080058f1   Thumb Code    98  os_msg.o(.text)
    OS_MsgQPut                               0x08005953   Thumb Code   246  os_msg.o(.text)
    OS_MutexDbgListAdd                       0x08005a55   Thumb Code    38  os_mutex.o(.text)
    OSMutexCreate                            0x08005a7b   Thumb Code   178  os_mutex.o(.text)
    OS_MutexClr                              0x08005b2d   Thumb Code    38  os_mutex.o(.text)
    OS_MutexDbgListRemove                    0x08005b53   Thumb Code    44  os_mutex.o(.text)
    OSMutexDel                               0x08005b7f   Thumb Code   842  os_mutex.o(.text)
    OSMutexPend                              0x08005ec9   Thumb Code   706  os_mutex.o(.text)
    OSMutexPendAbort                         0x0800618b   Thumb Code   314  os_mutex.o(.text)
    OSMutexPost                              0x080062c5   Thumb Code   564  os_mutex.o(.text)
    OS_MutexInit                             0x080064f9   Thumb Code    14  os_mutex.o(.text)
    OS_PrioInit                              0x08006529   Thumb Code    20  os_prio.o(.text)
    OS_PrioGetHighest                        0x0800653d   Thumb Code    36  os_prio.o(.text)
    OS_PrioInsert                            0x08006561   Thumb Code    32  os_prio.o(.text)
    OS_PrioRemove                            0x08006581   Thumb Code    32  os_prio.o(.text)
    OS_QDbgListAdd                           0x080065a5   Thumb Code    38  os_q.o(.text)
    OSQCreate                                0x080065cb   Thumb Code   186  os_q.o(.text)
    OS_QClr                                  0x08006685   Thumb Code    40  os_q.o(.text)
    OS_QDbgListRemove                        0x080066ad   Thumb Code    44  os_q.o(.text)
    OSQDel                                   0x080066d9   Thumb Code   362  os_q.o(.text)
    OSQFlush                                 0x08006843   Thumb Code   210  os_q.o(.text)
    OSQPend                                  0x08006915   Thumb Code   538  os_q.o(.text)
    OSQPendAbort                             0x08006b2f   Thumb Code   292  os_q.o(.text)
    OS_QPost                                 0x08006c53   Thumb Code   324  os_q.o(.text)
    OSQPost                                  0x08006d97   Thumb Code   198  os_q.o(.text)
    OS_QInit                                 0x08006e5d   Thumb Code    14  os_q.o(.text)
    OS_SemDbgListAdd                         0x08006e7d   Thumb Code    38  os_sem.o(.text)
    OSSemCreate                              0x08006ea3   Thumb Code   172  os_sem.o(.text)
    OS_SemClr                                0x08006f4f   Thumb Code    28  os_sem.o(.text)
    OS_SemDbgListRemove                      0x08006f6b   Thumb Code    44  os_sem.o(.text)
    OSSemDel                                 0x08006f97   Thumb Code   362  os_sem.o(.text)
    OSSemPend                                0x08007101   Thumb Code   504  os_sem.o(.text)
    OSSemPendAbort                           0x080072f9   Thumb Code   292  os_sem.o(.text)
    OS_SemPost                               0x0800741d   Thumb Code   350  os_sem.o(.text)
    OSSemPost                                0x0800757b   Thumb Code   144  os_sem.o(.text)
    OSSemSet                                 0x0800760b   Thumb Code   138  os_sem.o(.text)
    OS_SemInit                               0x08007695   Thumb Code    14  os_sem.o(.text)
    OSStatReset                              0x080076ad   Thumb Code   270  os_stat.o(.text)
    OSStatTaskCPUUsageInit                   0x080077bb   Thumb Code   212  os_stat.o(.text)
    OS_StatTask                              0x0800788f   Thumb Code   888  os_stat.o(.text)
    OS_StatTaskInit                          0x08007c07   Thumb Code   138  os_stat.o(.text)
    OSTaskChangePrio                         0x08007ce5   Thumb Code   416  os_task.o(.text)
    OS_TaskDbgListAdd                        0x08007e85   Thumb Code    42  os_task.o(.text)
    OS_TaskInitTCB                           0x08007eaf   Thumb Code   186  os_task.o(.text)
    OSTaskCreate                             0x08007f69   Thumb Code   616  os_task.o(.text)
    OS_TaskDbgListRemove                     0x080081d1   Thumb Code    64  os_task.o(.text)
    OSTaskDel                                0x08008211   Thumb Code   424  os_task.o(.text)
    OSTaskQFlush                             0x080083b9   Thumb Code   214  os_task.o(.text)
    OSTaskQPend                              0x0800848f   Thumb Code   554  os_task.o(.text)
    OSTaskQPendAbort                         0x080086b9   Thumb Code   242  os_task.o(.text)
    OS_TaskQPost                             0x080087ab   Thumb Code   526  os_task.o(.text)
    OSTaskQPost                              0x080089b9   Thumb Code   114  os_task.o(.text)
    OSTaskRegGet                             0x08008a2b   Thumb Code    78  os_task.o(.text)
    OSTaskRegGetID                           0x08008a79   Thumb Code    84  os_task.o(.text)
    OSTaskRegSet                             0x08008acd   Thumb Code    78  os_task.o(.text)
    OS_TaskResume                            0x08008b1b   Thumb Code   314  os_task.o(.text)
    OSTaskResume                             0x08008c55   Thumb Code   112  os_task.o(.text)
    OSTaskSemPend                            0x08008cc5   Thumb Code   550  os_task.o(.text)
    OSTaskSemPendAbort                       0x08008eeb   Thumb Code   270  os_task.o(.text)
    OS_TaskSemPost                           0x08008ff9   Thumb Code  1224  os_task.o(.text)
    OSTaskSemPost                            0x080094c1   Thumb Code    98  os_task.o(.text)
    OSTaskSemSet                             0x08009523   Thumb Code    80  os_task.o(.text)
    OSTaskStkChk                             0x08009573   Thumb Code   224  os_task.o(.text)
    OS_TaskSuspend                           0x08009653   Thumb Code   328  os_task.o(.text)
    OSTaskSuspend                            0x0800979b   Thumb Code    78  os_task.o(.text)
    OSTaskTimeQuantaSet                      0x080097e9   Thumb Code    96  os_task.o(.text)
    OS_TaskInit                              0x08009849   Thumb Code    18  os_task.o(.text)
    OS_TaskReturn                            0x0800985b   Thumb Code    20  os_task.o(.text)
    OS_TickListRemove                        0x08009899   Thumb Code    56  os_tick.o(.text)
    OS_TickListUpdate                        0x080098d1   Thumb Code   480  os_tick.o(.text)
    OS_TickTask                              0x08009ab1   Thumb Code    38  os_tick.o(.text)
    OS_TickListInit                          0x08009ad7   Thumb Code    32  os_tick.o(.text)
    OS_TickTaskInit                          0x08009af7   Thumb Code   130  os_tick.o(.text)
    OS_TickListInsert                        0x08009b79   Thumb Code   502  os_tick.o(.text)
    OS_TickListResetPeak                     0x08009d6f   Thumb Code    28  os_tick.o(.text)
    OSTimeDly                                0x08009d95   Thumb Code   266  os_time.o(.text)
    OSTimeDlyHMSM                            0x08009e9f   Thumb Code   480  os_time.o(.text)
    OSTimeDlyResume                          0x0800a07f   Thumb Code   466  os_time.o(.text)
    OSTimeGet                                0x0800a251   Thumb Code    46  os_time.o(.text)
    OSTimeSet                                0x0800a27f   Thumb Code    46  os_time.o(.text)
    OSTimeTick                               0x0800a2ad   Thumb Code    54  os_time.o(.text)
    OS_TmrDbgListAdd                         0x0800a2f9   Thumb Code    34  os_tmr.o(.text)
    OSTmrCreate                              0x0800a31b   Thumb Code   248  os_tmr.o(.text)
    OS_TmrClr                                0x0800a413   Thumb Code    36  os_tmr.o(.text)
    OS_TmrUnlink                             0x0800a437   Thumb Code    72  os_tmr.o(.text)
    OS_TmrDbgListRemove                      0x0800a47f   Thumb Code    44  os_tmr.o(.text)
    OSTmrDel                                 0x0800a4ab   Thumb Code   176  os_tmr.o(.text)
    OSTmrRemainGet                           0x0800a55b   Thumb Code   184  os_tmr.o(.text)
    OS_TmrLink                               0x0800a613   Thumb Code   196  os_tmr.o(.text)
    OSTmrStart                               0x0800a6d7   Thumb Code   210  os_tmr.o(.text)
    OSTmrStateGet                            0x0800a7a9   Thumb Code   134  os_tmr.o(.text)
    OSTmrStop                                0x0800a82f   Thumb Code   232  os_tmr.o(.text)
    OS_TmrTask                               0x0800a917   Thumb Code   176  os_tmr.o(.text)
    OS_TmrInit                               0x0800a9c7   Thumb Code   208  os_tmr.o(.text)
    OS_TmrResetPeak                          0x0800aa97   Thumb Code    28  os_tmr.o(.text)
    OSIdleTaskHook                           0x0800ab11   Thumb Code    16  os_cpu_c.o(.text)
    OSInitHook                               0x0800ab21   Thumb Code    42  os_cpu_c.o(.text)
    OSStatTaskHook                           0x0800ab4b   Thumb Code    16  os_cpu_c.o(.text)
    OSTaskCreateHook                         0x0800ab5b   Thumb Code    20  os_cpu_c.o(.text)
    OSTaskDelHook                            0x0800ab6f   Thumb Code    20  os_cpu_c.o(.text)
    OSTaskReturnHook                         0x0800ab83   Thumb Code    20  os_cpu_c.o(.text)
    OSTaskStkInit                            0x0800ab97   Thumb Code   188  os_cpu_c.o(.text)
    OSTaskSwHook                             0x0800ac53   Thumb Code   120  os_cpu_c.o(.text)
    OSTimeTickHook                           0x0800accb   Thumb Code    16  os_cpu_c.o(.text)
    OS_CPU_SysTickHandler                    0x0800acdb   Thumb Code    52  os_cpu_c.o(.text)
    OS_CPU_SysTickInit                       0x0800ad0f   Thumb Code    44  os_cpu_c.o(.text)
    __use_no_semihosting                     0x0800ad7d   Thumb Code     2  use_no_semi_2.o(.text)
    __aeabi_uldivmod                         0x0800ad7f   Thumb Code     0  lludivv7m.o(.text)
    _ll_udiv                                 0x0800ad7f   Thumb Code   238  lludivv7m.o(.text)
    __2printf                                0x0800ae6d   Thumb Code    20  noretval__2printf.o(.text)
    __printf                                 0x0800ae85   Thumb Code   270  __printf_wp.o(.text)
    __use_two_region_memory                  0x0800af93   Thumb Code     2  heapauxi.o(.text)
    __rt_heap_escrow$2region                 0x0800af95   Thumb Code     2  heapauxi.o(.text)
    __rt_heap_expand$2region                 0x0800af97   Thumb Code     2  heapauxi.o(.text)
    __I$use$semihosting                      0x0800af99   Thumb Code     0  use_no_semi.o(.text)
    __use_no_semihosting_swi                 0x0800af99   Thumb Code     2  use_no_semi.o(.text)
    __lib_sel_fp_printf                      0x0800af9b   Thumb Code     2  _printf_fp_dec.o(.text)
    _printf_fp_dec_real                      0x0800b149   Thumb Code   620  _printf_fp_dec.o(.text)
    _printf_char_file                        0x0800b3b5   Thumb Code    32  _printf_char_file.o(.text)
    __rt_locale                              0x0800b3d9   Thumb Code     8  rt_locale_intlibspace.o(.text)
    _ll_udiv10                               0x0800b3e1   Thumb Code   138  lludiv10.o(.text)
    _printf_char_common                      0x0800b477   Thumb Code    32  _printf_char_common.o(.text)
    _printf_fp_infnan                        0x0800b49d   Thumb Code   112  _printf_fp_infnan.o(.text)
    _btod_etento                             0x0800b51d   Thumb Code   216  bigflt0.o(.text)
    ferror                                   0x0800b5f9   Thumb Code     8  ferror.o(.text)
    __user_libspace                          0x0800b601   Thumb Code     8  libspace.o(.text)
    __user_perproc_libspace                  0x0800b601   Thumb Code     0  libspace.o(.text)
    __user_perthread_libspace                0x0800b601   Thumb Code     0  libspace.o(.text)
    __user_setup_stackheap                   0x0800b609   Thumb Code    74  sys_stackheap_outer.o(.text)
    exit                                     0x0800b653   Thumb Code    12  exit.o(.text)
    strcmp                                   0x0800b661   Thumb Code   128  strcmpv7m.o(.text)
    _btod_d2e                                0x0800b6e1   Thumb Code    62  btod.o(CL$$btod_d2e)
    _d2e_denorm_low                          0x0800b71f   Thumb Code    70  btod.o(CL$$btod_d2e_denorm_low)
    _d2e_norm_op1                            0x0800b765   Thumb Code    96  btod.o(CL$$btod_d2e_norm_op1)
    __btod_div_common                        0x0800b7c5   Thumb Code   696  btod.o(CL$$btod_div_common)
    _e2e                                     0x0800bafd   Thumb Code   198  btod.o(CL$$btod_e2e)
    _btod_ediv                               0x0800bbc3   Thumb Code    40  btod.o(CL$$btod_ediv)
    _btod_emul                               0x0800bbeb   Thumb Code    40  btod.o(CL$$btod_emul)
    __btod_mult_common                       0x0800bc13   Thumb Code   580  btod.o(CL$$btod_mult_common)
    OSStartHighRdy                           0x0800be59   Thumb Code     0  os_cpu_a.o(CODE)
    PendSV_Handler                           0x0800be8f   Thumb Code     0  os_cpu_a.o(CODE)
    __ARM_fpclassify                         0x0800bef1   Thumb Code    40  fpclassify.o(i.__ARM_fpclassify)
    _is_digit                                0x0800bf19   Thumb Code    14  __printf_wp.o(i._is_digit)
    _get_lc_numeric                          0x0800bf29   Thumb Code    44  lc_numeric_c.o(locale$$code)
    __fpl_dretinf                            0x0800bf55   Thumb Code    12  dretinf.o(x$fpl$dretinf)
    __aeabi_f2d                              0x0800bf61   Thumb Code     0  f2d.o(x$fpl$f2d)
    _f2d                                     0x0800bf61   Thumb Code    86  f2d.o(x$fpl$f2d)
    __aeabi_fadd                             0x0800bfb9   Thumb Code     0  faddsub_clz.o(x$fpl$fadd)
    _fadd                                    0x0800bfb9   Thumb Code   196  faddsub_clz.o(x$fpl$fadd)
    __fpl_fnaninf                            0x0800c07d   Thumb Code   140  fnaninf.o(x$fpl$fnaninf)
    __fpl_fretinf                            0x0800c109   Thumb Code    10  fretinf.o(x$fpl$fretinf)
    __aeabi_fsub                             0x0800c115   Thumb Code     0  faddsub_clz.o(x$fpl$fsub)
    _fsub                                    0x0800c115   Thumb Code   234  faddsub_clz.o(x$fpl$fsub)
    _printf_fp_dec                           0x0800c1ff   Thumb Code     4  printf1.o(x$fpl$printf1)
    __I$use$fp                               0x0800c202   Number         0  usenofp.o(x$fpl$usenofp)
    CPU_EndiannessTest                       0x0800c304   Data           4  cpu_core.o(.constdata)
    OSCfg_IdleTaskStkBasePtr                 0x0800c39c   Data           4  os_cfg_app.o(.constdata)
    OSCfg_IdleTaskStkLimit                   0x0800c3a0   Data           4  os_cfg_app.o(.constdata)
    OSCfg_IdleTaskStkSize                    0x0800c3a4   Data           4  os_cfg_app.o(.constdata)
    OSCfg_IdleTaskStkSizeRAM                 0x0800c3a8   Data           4  os_cfg_app.o(.constdata)
    OSCfg_IntQBasePtr                        0x0800c3ac   Data           4  os_cfg_app.o(.constdata)
    OSCfg_IntQSize                           0x0800c3b0   Data           2  os_cfg_app.o(.constdata)
    OSCfg_IntQSizeRAM                        0x0800c3b4   Data           4  os_cfg_app.o(.constdata)
    OSCfg_IntQTaskStkBasePtr                 0x0800c3b8   Data           4  os_cfg_app.o(.constdata)
    OSCfg_IntQTaskStkLimit                   0x0800c3bc   Data           4  os_cfg_app.o(.constdata)
    OSCfg_IntQTaskStkSize                    0x0800c3c0   Data           4  os_cfg_app.o(.constdata)
    OSCfg_IntQTaskStkSizeRAM                 0x0800c3c4   Data           4  os_cfg_app.o(.constdata)
    OSCfg_ISRStkBasePtr                      0x0800c3c8   Data           4  os_cfg_app.o(.constdata)
    OSCfg_ISRStkSize                         0x0800c3cc   Data           4  os_cfg_app.o(.constdata)
    OSCfg_ISRStkSizeRAM                      0x0800c3d0   Data           4  os_cfg_app.o(.constdata)
    OSCfg_MsgPoolSize                        0x0800c3d4   Data           2  os_cfg_app.o(.constdata)
    OSCfg_MsgPoolSizeRAM                     0x0800c3d8   Data           4  os_cfg_app.o(.constdata)
    OSCfg_MsgPoolBasePtr                     0x0800c3dc   Data           4  os_cfg_app.o(.constdata)
    OSCfg_StatTaskPrio                       0x0800c3e0   Data           1  os_cfg_app.o(.constdata)
    OSCfg_StatTaskRate_Hz                    0x0800c3e4   Data           4  os_cfg_app.o(.constdata)
    OSCfg_StatTaskStkBasePtr                 0x0800c3e8   Data           4  os_cfg_app.o(.constdata)
    OSCfg_StatTaskStkLimit                   0x0800c3ec   Data           4  os_cfg_app.o(.constdata)
    OSCfg_StatTaskStkSize                    0x0800c3f0   Data           4  os_cfg_app.o(.constdata)
    OSCfg_StatTaskStkSizeRAM                 0x0800c3f4   Data           4  os_cfg_app.o(.constdata)
    OSCfg_StkSizeMin                         0x0800c3f8   Data           4  os_cfg_app.o(.constdata)
    OSCfg_TickRate_Hz                        0x0800c3fc   Data           4  os_cfg_app.o(.constdata)
    OSCfg_TickTaskPrio                       0x0800c400   Data           1  os_cfg_app.o(.constdata)
    OSCfg_TickTaskStkBasePtr                 0x0800c404   Data           4  os_cfg_app.o(.constdata)
    OSCfg_TickTaskStkLimit                   0x0800c408   Data           4  os_cfg_app.o(.constdata)
    OSCfg_TickTaskStkSize                    0x0800c40c   Data           4  os_cfg_app.o(.constdata)
    OSCfg_TickTaskStkSizeRAM                 0x0800c410   Data           4  os_cfg_app.o(.constdata)
    OSCfg_TickWheelSize                      0x0800c414   Data           2  os_cfg_app.o(.constdata)
    OSCfg_TickWheelSizeRAM                   0x0800c418   Data           4  os_cfg_app.o(.constdata)
    OSCfg_TmrTaskPrio                        0x0800c41c   Data           1  os_cfg_app.o(.constdata)
    OSCfg_TmrTaskRate_Hz                     0x0800c420   Data           4  os_cfg_app.o(.constdata)
    OSCfg_TmrTaskStkBasePtr                  0x0800c424   Data           4  os_cfg_app.o(.constdata)
    OSCfg_TmrTaskStkLimit                    0x0800c428   Data           4  os_cfg_app.o(.constdata)
    OSCfg_TmrTaskStkSize                     0x0800c42c   Data           4  os_cfg_app.o(.constdata)
    OSCfg_TmrTaskStkSizeRAM                  0x0800c430   Data           4  os_cfg_app.o(.constdata)
    OSCfg_TmrWheelSize                       0x0800c434   Data           2  os_cfg_app.o(.constdata)
    OSCfg_TmrWheelSizeRAM                    0x0800c438   Data           4  os_cfg_app.o(.constdata)
    OSCfg_DataSizeRAM                        0x0800c43c   Data           4  os_cfg_app.o(.constdata)
    OSDbg_DbgEn                              0x0800c440   Data           2  os_dbg.o(.constdata)
    OSDbg_ArgChkEn                           0x0800c442   Data           1  os_dbg.o(.constdata)
    OSDbg_AppHooksEn                         0x0800c443   Data           1  os_dbg.o(.constdata)
    OSDbg_EndiannessTest                     0x0800c444   Data           4  os_dbg.o(.constdata)
    OSDbg_CalledFromISRChkEn                 0x0800c448   Data           1  os_dbg.o(.constdata)
    OSDbg_FlagEn                             0x0800c449   Data           1  os_dbg.o(.constdata)
    OSDbg_FlagGrp                            0x0800c44c   Data          40  os_dbg.o(.constdata)
    OSDbg_FlagDelEn                          0x0800c474   Data           1  os_dbg.o(.constdata)
    OSDbg_FlagModeClrEn                      0x0800c475   Data           1  os_dbg.o(.constdata)
    OSDbg_FlagPendAbortEn                    0x0800c476   Data           1  os_dbg.o(.constdata)
    OSDbg_FlagGrpSize                        0x0800c478   Data           2  os_dbg.o(.constdata)
    OSDbg_FlagWidth                          0x0800c47a   Data           2  os_dbg.o(.constdata)
    OSDbg_IntQ                               0x0800c47c   Data           2  os_dbg.o(.constdata)
    OSDbg_ISRPostDeferredEn                  0x0800c47e   Data           1  os_dbg.o(.constdata)
    OSDbg_Mem                                0x0800c480   Data          32  os_dbg.o(.constdata)
    OSDbg_MemEn                              0x0800c4a0   Data           1  os_dbg.o(.constdata)
    OSDbg_MemSize                            0x0800c4a2   Data           2  os_dbg.o(.constdata)
    OSDbg_MsgEn                              0x0800c4a4   Data           1  os_dbg.o(.constdata)
    OSDbg_MsgSize                            0x0800c4a6   Data           2  os_dbg.o(.constdata)
    OSDbg_MsgPoolSize                        0x0800c4a8   Data           2  os_dbg.o(.constdata)
    OSDbg_MsgQSize                           0x0800c4aa   Data           2  os_dbg.o(.constdata)
    OSDbg_Mutex                              0x0800c4ac   Data          44  os_dbg.o(.constdata)
    OSDbg_MutexEn                            0x0800c4d8   Data           1  os_dbg.o(.constdata)
    OSDbg_MutexDelEn                         0x0800c4d9   Data           1  os_dbg.o(.constdata)
    OSDbg_MutexPendAbortEn                   0x0800c4da   Data           1  os_dbg.o(.constdata)
    OSDbg_MutexSize                          0x0800c4dc   Data           2  os_dbg.o(.constdata)
    OSDbg_ObjTypeChkEn                       0x0800c4de   Data           1  os_dbg.o(.constdata)
    OSDbg_PendMultiEn                        0x0800c4df   Data           1  os_dbg.o(.constdata)
    OSDbg_PendDataSize                       0x0800c4e0   Data           2  os_dbg.o(.constdata)
    OSDbg_PendListSize                       0x0800c4e2   Data           2  os_dbg.o(.constdata)
    OSDbg_PendObjSize                        0x0800c4e4   Data           2  os_dbg.o(.constdata)
    OSDbg_PrioMax                            0x0800c4e6   Data           2  os_dbg.o(.constdata)
    OSDbg_PrioTblSize                        0x0800c4e8   Data           2  os_dbg.o(.constdata)
    OSDbg_PtrSize                            0x0800c4ea   Data           2  os_dbg.o(.constdata)
    OSDbg_Q                                  0x0800c4ec   Data          48  os_dbg.o(.constdata)
    OSDbg_QEn                                0x0800c51c   Data           1  os_dbg.o(.constdata)
    OSDbg_QDelEn                             0x0800c51d   Data           1  os_dbg.o(.constdata)
    OSDbg_QFlushEn                           0x0800c51e   Data           1  os_dbg.o(.constdata)
    OSDbg_QPendAbortEn                       0x0800c51f   Data           1  os_dbg.o(.constdata)
    OSDbg_QSize                              0x0800c520   Data           2  os_dbg.o(.constdata)
    OSDbg_SchedRoundRobinEn                  0x0800c522   Data           1  os_dbg.o(.constdata)
    OSDbg_Sem                                0x0800c524   Data          40  os_dbg.o(.constdata)
    OSDbg_SemEn                              0x0800c54c   Data           1  os_dbg.o(.constdata)
    OSDbg_SemDelEn                           0x0800c54d   Data           1  os_dbg.o(.constdata)
    OSDbg_SemPendAbortEn                     0x0800c54e   Data           1  os_dbg.o(.constdata)
    OSDbg_SemSetEn                           0x0800c54f   Data           1  os_dbg.o(.constdata)
    OSDbg_SemSize                            0x0800c550   Data           2  os_dbg.o(.constdata)
    OSDbg_RdyList                            0x0800c552   Data           2  os_dbg.o(.constdata)
    OSDbg_RdyListSize                        0x0800c554   Data           4  os_dbg.o(.constdata)
    OSDbg_StkWidth                           0x0800c558   Data           1  os_dbg.o(.constdata)
    OSDbg_StatTaskEn                         0x0800c559   Data           1  os_dbg.o(.constdata)
    OSDbg_StatTaskStkChkEn                   0x0800c55a   Data           1  os_dbg.o(.constdata)
    OSDbg_TaskChangePrioEn                   0x0800c55b   Data           1  os_dbg.o(.constdata)
    OSDbg_TaskDelEn                          0x0800c55c   Data           1  os_dbg.o(.constdata)
    OSDbg_TaskQEn                            0x0800c55d   Data           1  os_dbg.o(.constdata)
    OSDbg_TaskQPendAbortEn                   0x0800c55e   Data           1  os_dbg.o(.constdata)
    OSDbg_TaskProfileEn                      0x0800c55f   Data           1  os_dbg.o(.constdata)
    OSDbg_TaskRegTblSize                     0x0800c560   Data           2  os_dbg.o(.constdata)
    OSDbg_TaskSemPendAbortEn                 0x0800c562   Data           1  os_dbg.o(.constdata)
    OSDbg_TaskSuspendEn                      0x0800c563   Data           1  os_dbg.o(.constdata)
    OSDbg_TCBSize                            0x0800c564   Data           2  os_dbg.o(.constdata)
    OSDbg_TickSpokeSize                      0x0800c566   Data           2  os_dbg.o(.constdata)
    OSDbg_TimeDlyHMSMEn                      0x0800c568   Data           1  os_dbg.o(.constdata)
    OSDbg_TimeDlyResumeEn                    0x0800c569   Data           1  os_dbg.o(.constdata)
    OSDbg_TLS_TblSize                        0x0800c56a   Data           2  os_dbg.o(.constdata)
    OSDbg_Tmr                                0x0800c56c   Data          52  os_dbg.o(.constdata)
    OSDbg_TmrEn                              0x0800c5a0   Data           1  os_dbg.o(.constdata)
    OSDbg_TmrDelEn                           0x0800c5a1   Data           1  os_dbg.o(.constdata)
    OSDbg_TmrSize                            0x0800c5a2   Data           2  os_dbg.o(.constdata)
    OSDbg_TmrSpokeSize                       0x0800c5a4   Data           2  os_dbg.o(.constdata)
    OSDbg_VersionNbr                         0x0800c5a6   Data           2  os_dbg.o(.constdata)
    OSDbg_DataSize                           0x0800c5a8   Data           4  os_dbg.o(.constdata)
    Region$$Table$$Base                      0x0800c640   Number         0  anon$$obj.o(Region$$Table)
    Region$$Table$$Limit                     0x0800c660   Number         0  anon$$obj.o(Region$$Table)
    SystemCoreClock                          0x20000004   Data           4  system_stm32f10x.o(.data)
    AHBPrescTable                            0x20000008   Data          16  system_stm32f10x.o(.data)
    __stdout                                 0x20000020   Data           4  usart.o(.data)
    USART_RX_STA                             0x20000024   Data           2  usart.o(.data)
    CPU_TS_TmrFreq_Hz                        0x2000003c   Data           4  cpu_core.o(.data)
    Mem_PoolTbl                              0x20000040   Data           4  lib_mem.o(.data)
    OSPrioTbl                                0x20000044   Data           8  os_prio.o(.data)
    OS_AppTaskCreateHookPtr                  0x2000004c   Data           4  os_var.o(.data)
    OS_AppTaskDelHookPtr                     0x20000050   Data           4  os_var.o(.data)
    OS_AppTaskReturnHookPtr                  0x20000054   Data           4  os_var.o(.data)
    OS_AppIdleTaskHookPtr                    0x20000058   Data           4  os_var.o(.data)
    OS_AppStatTaskHookPtr                    0x2000005c   Data           4  os_var.o(.data)
    OS_AppTaskSwHookPtr                      0x20000060   Data           4  os_var.o(.data)
    OS_AppTimeTickHookPtr                    0x20000064   Data           4  os_var.o(.data)
    OSIdleTaskCtr                            0x20000068   Data           4  os_var.o(.data)
    OSIntNestingCtr                          0x2000006c   Data           1  os_var.o(.data)
    OSRunning                                0x2000006d   Data           1  os_var.o(.data)
    OSIntQInPtr                              0x20000070   Data           4  os_var.o(.data)
    OSIntQOutPtr                             0x20000074   Data           4  os_var.o(.data)
    OSIntQNbrEntries                         0x20000078   Data           2  os_var.o(.data)
    OSIntQNbrEntriesMax                      0x2000007a   Data           2  os_var.o(.data)
    OSIntQOvfCtr                             0x2000007c   Data           2  os_var.o(.data)
    OSIntQTaskTimeMax                        0x20000080   Data           4  os_var.o(.data)
    OSFlagDbgListPtr                         0x20000084   Data           4  os_var.o(.data)
    OSFlagQty                                0x20000088   Data           2  os_var.o(.data)
    OSMemDbgListPtr                          0x2000008c   Data           4  os_var.o(.data)
    OSMemQty                                 0x20000090   Data           2  os_var.o(.data)
    OSMutexDbgListPtr                        0x20000094   Data           4  os_var.o(.data)
    OSMutexQty                               0x20000098   Data           2  os_var.o(.data)
    OSPrioCur                                0x2000009a   Data           1  os_var.o(.data)
    OSPrioHighRdy                            0x2000009b   Data           1  os_var.o(.data)
    OSPrioSaved                              0x2000009c   Data           1  os_var.o(.data)
    OSQDbgListPtr                            0x200000a0   Data           4  os_var.o(.data)
    OSQQty                                   0x200000a4   Data           2  os_var.o(.data)
    OSSchedLockTimeBegin                     0x200000a8   Data           4  os_var.o(.data)
    OSSchedLockTimeMax                       0x200000ac   Data           4  os_var.o(.data)
    OSSchedLockTimeMaxCur                    0x200000b0   Data           4  os_var.o(.data)
    OSSchedLockNestingCtr                    0x200000b4   Data           1  os_var.o(.data)
    OSSchedRoundRobinDfltTimeQuanta          0x200000b8   Data           4  os_var.o(.data)
    OSSchedRoundRobinEn                      0x200000bc   Data           1  os_var.o(.data)
    OSSemDbgListPtr                          0x200000c0   Data           4  os_var.o(.data)
    OSSemQty                                 0x200000c4   Data           2  os_var.o(.data)
    OSStatResetFlag                          0x200000c6   Data           1  os_var.o(.data)
    OSStatTaskCPUUsage                       0x200000c8   Data           2  os_var.o(.data)
    OSStatTaskCPUUsageMax                    0x200000ca   Data           2  os_var.o(.data)
    OSStatTaskCtr                            0x200000cc   Data           4  os_var.o(.data)
    OSStatTaskCtrMax                         0x200000d0   Data           4  os_var.o(.data)
    OSStatTaskCtrRun                         0x200000d4   Data           4  os_var.o(.data)
    OSStatTaskRdy                            0x200000d8   Data           1  os_var.o(.data)
    OSStatTaskTimeMax                        0x200000dc   Data           4  os_var.o(.data)
    OSTaskCtxSwCtr                           0x200000e0   Data           4  os_var.o(.data)
    OSTaskDbgListPtr                         0x200000e4   Data           4  os_var.o(.data)
    OSTaskQty                                0x200000e8   Data           2  os_var.o(.data)
    OSTaskRegNextAvailID                     0x200000ea   Data           1  os_var.o(.data)
    OSTickCtr                                0x200000ec   Data           4  os_var.o(.data)
    OSTickTaskTimeMax                        0x200000f0   Data           4  os_var.o(.data)
    OSTmrDbgListPtr                          0x200000f4   Data           4  os_var.o(.data)
    OSTmrQty                                 0x200000f8   Data           2  os_var.o(.data)
    OSTmrTaskTimeMax                         0x200000fc   Data           4  os_var.o(.data)
    OSTmrTickCtr                             0x20000100   Data           4  os_var.o(.data)
    OSTmrUpdateCnt                           0x20000104   Data           4  os_var.o(.data)
    OSTmrUpdateCtr                           0x20000108   Data           4  os_var.o(.data)
    OSTCBCurPtr                              0x2000010c   Data           4  os_var.o(.data)
    OSTCBHighRdyPtr                          0x20000110   Data           4  os_var.o(.data)
    OS_CPU_ExceptStkBase                     0x20000114   Data           4  os_cpu_c.o(.data)
    StartTaskTCB                             0x20000118   Data         196  main.o(.bss)
    START_TASK_STK                           0x200001dc   Data        2048  main.o(.bss)
    Led0TaskTCB                              0x200009dc   Data         196  main.o(.bss)
    LED0_TASK_STK                            0x20000aa0   Data         512  main.o(.bss)
    Led1TaskTCB                              0x20000ca0   Data         196  main.o(.bss)
    LED1_TASK_STK                            0x20000d64   Data         512  main.o(.bss)
    FloatTaskTCB                             0x20000f64   Data         196  main.o(.bss)
    FLOAT_TASK_STK                           0x20001028   Data         512  main.o(.bss)
    USART_RX_BUF                             0x20001228   Data         200  usart.o(.bss)
    CPU_Name                                 0x200012f0   Data          16  cpu_core.o(.bss)
    Mem_PoolHeap                             0x20001300   Data          72  lib_mem.o(.bss)
    Mem_Heap                                 0x20001348   Data        1024  lib_mem.o(.bss)
    OSCfg_IdleTaskStk                        0x20001748   Data         512  os_cfg_app.o(.bss)
    OSCfg_IntQ                               0x20001948   Data         320  os_cfg_app.o(.bss)
    OSCfg_IntQTaskStk                        0x20001a88   Data         512  os_cfg_app.o(.bss)
    OSCfg_ISRStk                             0x20001c88   Data         512  os_cfg_app.o(.bss)
    OSCfg_MsgPool                            0x20001e88   Data        1600  os_cfg_app.o(.bss)
    OSCfg_StatTaskStk                        0x200024c8   Data         512  os_cfg_app.o(.bss)
    OSCfg_TickTaskStk                        0x200026c8   Data         512  os_cfg_app.o(.bss)
    OSCfg_TickWheel                          0x200028c8   Data         136  os_cfg_app.o(.bss)
    OSCfg_TmrTaskStk                         0x20002950   Data         512  os_cfg_app.o(.bss)
    OSCfg_TmrWheel                           0x20002b50   Data         136  os_cfg_app.o(.bss)
    OSIdleTaskTCB                            0x20002bd8   Data         196  os_var.o(.bss)
    OSIntQTaskTCB                            0x20002c9c   Data         196  os_var.o(.bss)
    OSMsgPool                                0x20002d60   Data          12  os_var.o(.bss)
    OSRdyList                                0x20002d6c   Data         768  os_var.o(.bss)
    OSStatTaskTCB                            0x2000306c   Data         196  os_var.o(.bss)
    OSTickTaskTCB                            0x20003130   Data         196  os_var.o(.bss)
    OSTmrTaskTCB                             0x200031f4   Data         196  os_var.o(.bss)
    __libspace_start                         0x200032b8   Data          96  libspace.o(.bss)
    __temporary_stack_top$libspace           0x20003318   Data           0  libspace.o(.bss)
    mem2base                                 0x68000000   Data       983040  malloc.o(.ARM.__AT_0x68000000)
    mem2mapbase                              0x680f0000   Data       61440  malloc.o(.ARM.__AT_0x680F0000)



==============================================================================

Memory Map of the image

  Image Entry point : 0x08000131

  Load Region LR_IROM1 (Base: 0x08000000, Size: 0x0000c794, Max: 0x00080000, ABSOLUTE)

    Execution Region ER_IROM1 (Base: 0x08000000, Size: 0x0000c67c, Max: 0x00080000, ABSOLUTE)

    Base Addr    Size         Type   Attr      Idx    E Section Name        Object

    0x08000000   0x00000130   Data   RO          274    RESET               startup_stm32f10x_hd.o
    0x08000130   0x00000008   Code   RO          784  * !!!main             c_w.l(__main.o)
    0x08000138   0x00000034   Code   RO         1021    !!!scatter          c_w.l(__scatter.o)
    0x0800016c   0x0000001a   Code   RO         1023    !!handler_copy      c_w.l(__scatter_copy.o)
    0x08000186   0x00000002   PAD
    0x08000188   0x0000001c   Code   RO         1025    !!handler_zi        c_w.l(__scatter_zi.o)
    0x080001a4   0x00000000   Code   RO          781    .ARM.Collect$$_printf_percent$$00000000  c_w.l(_printf_percent.o)
    0x080001a4   0x00000006   Code   RO          780    .ARM.Collect$$_printf_percent$$00000003  c_w.l(_printf_f.o)
    0x080001aa   0x00000004   Code   RO          807    .ARM.Collect$$_printf_percent$$00000017  c_w.l(_printf_percent_end.o)
    0x080001ae   0x00000002   Code   RO          899    .ARM.Collect$$libinit$$00000000  c_w.l(libinit.o)
    0x080001b0   0x00000000   Code   RO          901    .ARM.Collect$$libinit$$00000002  c_w.l(libinit2.o)
    0x080001b0   0x00000000   Code   RO          903    .ARM.Collect$$libinit$$00000004  c_w.l(libinit2.o)
    0x080001b0   0x00000000   Code   RO          906    .ARM.Collect$$libinit$$0000000A  c_w.l(libinit2.o)
    0x080001b0   0x00000000   Code   RO          908    .ARM.Collect$$libinit$$0000000C  c_w.l(libinit2.o)
    0x080001b0   0x00000000   Code   RO          910    .ARM.Collect$$libinit$$0000000E  c_w.l(libinit2.o)
    0x080001b0   0x00000006   Code   RO          911    .ARM.Collect$$libinit$$0000000F  c_w.l(libinit2.o)
    0x080001b6   0x00000000   Code   RO          913    .ARM.Collect$$libinit$$00000011  c_w.l(libinit2.o)
    0x080001b6   0x00000000   Code   RO          915    .ARM.Collect$$libinit$$00000013  c_w.l(libinit2.o)
    0x080001b6   0x00000000   Code   RO          917    .ARM.Collect$$libinit$$00000015  c_w.l(libinit2.o)
    0x080001b6   0x0000000a   Code   RO          918    .ARM.Collect$$libinit$$00000016  c_w.l(libinit2.o)
    0x080001c0   0x00000000   Code   RO          919    .ARM.Collect$$libinit$$00000017  c_w.l(libinit2.o)
    0x080001c0   0x00000000   Code   RO          921    .ARM.Collect$$libinit$$00000019  c_w.l(libinit2.o)
    0x080001c0   0x00000000   Code   RO          923    .ARM.Collect$$libinit$$0000001B  c_w.l(libinit2.o)
    0x080001c0   0x00000000   Code   RO          925    .ARM.Collect$$libinit$$0000001D  c_w.l(libinit2.o)
    0x080001c0   0x00000000   Code   RO          927    .ARM.Collect$$libinit$$0000001F  c_w.l(libinit2.o)
    0x080001c0   0x00000000   Code   RO          929    .ARM.Collect$$libinit$$00000021  c_w.l(libinit2.o)
    0x080001c0   0x00000000   Code   RO          931    .ARM.Collect$$libinit$$00000023  c_w.l(libinit2.o)
    0x080001c0   0x00000000   Code   RO          933    .ARM.Collect$$libinit$$00000025  c_w.l(libinit2.o)
    0x080001c0   0x00000000   Code   RO          937    .ARM.Collect$$libinit$$0000002C  c_w.l(libinit2.o)
    0x080001c0   0x00000000   Code   RO          939    .ARM.Collect$$libinit$$0000002E  c_w.l(libinit2.o)
    0x080001c0   0x00000000   Code   RO          941    .ARM.Collect$$libinit$$00000030  c_w.l(libinit2.o)
    0x080001c0   0x00000000   Code   RO          943    .ARM.Collect$$libinit$$00000032  c_w.l(libinit2.o)
    0x080001c0   0x00000002   Code   RO          944    .ARM.Collect$$libinit$$00000033  c_w.l(libinit2.o)
    0x080001c2   0x00000002   Code   RO          986    .ARM.Collect$$libshutdown$$00000000  c_w.l(libshutdown.o)
    0x080001c4   0x00000000   Code   RO         1006    .ARM.Collect$$libshutdown$$00000003  c_w.l(libshutdown2.o)
    0x080001c4   0x00000000   Code   RO         1009    .ARM.Collect$$libshutdown$$00000006  c_w.l(libshutdown2.o)
    0x080001c4   0x00000000   Code   RO         1012    .ARM.Collect$$libshutdown$$00000009  c_w.l(libshutdown2.o)
    0x080001c4   0x00000000   Code   RO         1014    .ARM.Collect$$libshutdown$$0000000B  c_w.l(libshutdown2.o)
    0x080001c4   0x00000000   Code   RO         1017    .ARM.Collect$$libshutdown$$0000000E  c_w.l(libshutdown2.o)
    0x080001c4   0x00000002   Code   RO         1018    .ARM.Collect$$libshutdown$$0000000F  c_w.l(libshutdown2.o)
    0x080001c6   0x00000000   Code   RO          798    .ARM.Collect$$rtentry$$00000000  c_w.l(__rtentry.o)
    0x080001c6   0x00000000   Code   RO          816    .ARM.Collect$$rtentry$$00000002  c_w.l(__rtentry2.o)
    0x080001c6   0x00000006   Code   RO          828    .ARM.Collect$$rtentry$$00000004  c_w.l(__rtentry4.o)
    0x080001cc   0x00000000   Code   RO          818    .ARM.Collect$$rtentry$$00000009  c_w.l(__rtentry2.o)
    0x080001cc   0x00000004   Code   RO          819    .ARM.Collect$$rtentry$$0000000A  c_w.l(__rtentry2.o)
    0x080001d0   0x00000000   Code   RO          821    .ARM.Collect$$rtentry$$0000000C  c_w.l(__rtentry2.o)
    0x080001d0   0x00000008   Code   RO          822    .ARM.Collect$$rtentry$$0000000D  c_w.l(__rtentry2.o)
    0x080001d8   0x00000002   Code   RO          945    .ARM.Collect$$rtexit$$00000000  c_w.l(rtexit.o)
    0x080001da   0x00000000   Code   RO          958    .ARM.Collect$$rtexit$$00000002  c_w.l(rtexit2.o)
    0x080001da   0x00000004   Code   RO          959    .ARM.Collect$$rtexit$$00000003  c_w.l(rtexit2.o)
    0x080001de   0x00000006   Code   RO          960    .ARM.Collect$$rtexit$$00000004  c_w.l(rtexit2.o)
    0x080001e4   0x000003c4   Code   RO            1    .text               main.o
    0x080005a8   0x00000016   Code   RO          145    .text               stm32f10x_it.o
    0x080005be   0x00000002   PAD
    0x080005c0   0x000001e0   Code   RO          177    .text               system_stm32f10x.o
    0x080007a0   0x000001a8   Code   RO          195    .text               driver.o
    0x08000948   0x0000014c   Code   RO          208    .text               delay.o
    0x08000a94   0x00000150   Code   RO          239    .text               usart.o
    0x08000be4   0x00000040   Code   RO          275    .text               startup_stm32f10x_hd.o
    0x08000c24   0x000000dc   Code   RO          279    .text               misc.o
    0x08000d00   0x0000035c   Code   RO          291    .text               stm32f10x_gpio.o
    0x0800105c   0x00000408   Code   RO          303    .text               stm32f10x_usart.o
    0x08001464   0x000003a4   Code   RO          315    .text               stm32f10x_rcc.o
    0x08001808   0x00000084   Code   RO          329    .text               bsp.o
    0x0800188c   0x000002a8   Code   RO          344    .text               cpu_core.o
    0x08001b34   0x00000034   Code   RO          382    .text               cpu_a.o
    0x08001b68   0x00000256   Code   RO          385    .text               lib_ascii.o
    0x08001dbe   0x00000002   PAD
    0x08001dc0   0x000009c6   Code   RO          418    .text               lib_mem.o
    0x08002786   0x00000002   PAD
    0x08002788   0x0000092c   Code   RO          437    .text               lib_str.o
    0x080030b4   0x00000220   Code   RO          454    .text               lib_mem_a.o
    0x080032d4   0x000000fc   Code   RO          457    .text               os_cfg_app.o
    0x080033d0   0x00000e04   Code   RO          480    .text               os_core.o
    0x080041d4   0x000001b0   Code   RO          492    .text               os_dbg.o
    0x08004384   0x00000e28   Code   RO          507    .text               os_flag.o
    0x080051ac   0x00000444   Code   RO          519    .text               os_int.o
    0x080055f0   0x00000238   Code   RO          531    .text               os_mem.o
    0x08005828   0x0000022c   Code   RO          543    .text               os_msg.o
    0x08005a54   0x00000ad4   Code   RO          555    .text               os_mutex.o
    0x08006528   0x0000007c   Code   RO          573    .text               os_prio.o
    0x080065a4   0x000008d8   Code   RO          592    .text               os_q.o
    0x08006e7c   0x00000830   Code   RO          604    .text               os_sem.o
    0x080076ac   0x00000638   Code   RO          616    .text               os_stat.o
    0x08007ce4   0x00001bb4   Code   RO          628    .text               os_task.o
    0x08009898   0x000004fc   Code   RO          640    .text               os_tick.o
    0x08009d94   0x00000564   Code   RO          652    .text               os_time.o
    0x0800a2f8   0x00000818   Code   RO          664    .text               os_tmr.o
    0x0800ab10   0x0000026c   Code   RO          693    .text               os_cpu_c.o
    0x0800ad7c   0x00000002   Code   RO          750    .text               c_w.l(use_no_semi_2.o)
    0x0800ad7e   0x000000ee   Code   RO          752    .text               c_w.l(lludivv7m.o)
    0x0800ae6c   0x00000018   Code   RO          756    .text               c_w.l(noretval__2printf.o)
    0x0800ae84   0x0000010e   Code   RO          768    .text               c_w.l(__printf_wp.o)
    0x0800af92   0x00000006   Code   RO          782    .text               c_w.l(heapauxi.o)
    0x0800af98   0x00000002   Code   RO          796    .text               c_w.l(use_no_semi.o)
    0x0800af9a   0x0000041a   Code   RO          803    .text               c_w.l(_printf_fp_dec.o)
    0x0800b3b4   0x00000024   Code   RO          805    .text               c_w.l(_printf_char_file.o)
    0x0800b3d8   0x00000008   Code   RO          835    .text               c_w.l(rt_locale_intlibspace.o)
    0x0800b3e0   0x0000008a   Code   RO          837    .text               c_w.l(lludiv10.o)
    0x0800b46a   0x00000002   PAD
    0x0800b46c   0x00000030   Code   RO          839    .text               c_w.l(_printf_char_common.o)
    0x0800b49c   0x00000080   Code   RO          841    .text               c_w.l(_printf_fp_infnan.o)
    0x0800b51c   0x000000dc   Code   RO          843    .text               c_w.l(bigflt0.o)
    0x0800b5f8   0x00000008   Code   RO          868    .text               c_w.l(ferror.o)
    0x0800b600   0x00000008   Code   RO          879    .text               c_w.l(libspace.o)
    0x0800b608   0x0000004a   Code   RO          882    .text               c_w.l(sys_stackheap_outer.o)
    0x0800b652   0x0000000c   Code   RO          886    .text               c_w.l(exit.o)
    0x0800b65e   0x00000002   PAD
    0x0800b660   0x00000080   Code   RO          892    .text               c_w.l(strcmpv7m.o)
    0x0800b6e0   0x0000003e   Code   RO          846    CL$$btod_d2e        c_w.l(btod.o)
    0x0800b71e   0x00000046   Code   RO          848    CL$$btod_d2e_denorm_low  c_w.l(btod.o)
    0x0800b764   0x00000060   Code   RO          847    CL$$btod_d2e_norm_op1  c_w.l(btod.o)
    0x0800b7c4   0x00000338   Code   RO          856    CL$$btod_div_common  c_w.l(btod.o)
    0x0800bafc   0x000000c6   Code   RO          853    CL$$btod_e2e        c_w.l(btod.o)
    0x0800bbc2   0x00000028   Code   RO          850    CL$$btod_ediv       c_w.l(btod.o)
    0x0800bbea   0x00000028   Code   RO          849    CL$$btod_emul       c_w.l(btod.o)
    0x0800bc12   0x00000244   Code   RO          855    CL$$btod_mult_common  c_w.l(btod.o)
    0x0800be56   0x00000002   PAD
    0x0800be58   0x00000098   Code   RO          690    CODE                os_cpu_a.o
    0x0800bef0   0x00000028   Code   RO          877    i.__ARM_fpclassify  m_ws.l(fpclassify.o)
    0x0800bf18   0x0000000e   Code   RO          770    i._is_digit         c_w.l(__printf_wp.o)
    0x0800bf26   0x00000002   PAD
    0x0800bf28   0x0000002c   Code   RO          873    locale$$code        c_w.l(lc_numeric_c.o)
    0x0800bf54   0x0000000c   Code   RO          808    x$fpl$dretinf       fz_ws.l(dretinf.o)
    0x0800bf60   0x00000056   Code   RO          786    x$fpl$f2d           fz_ws.l(f2d.o)
    0x0800bfb6   0x00000002   PAD
    0x0800bfb8   0x000000c4   Code   RO          788    x$fpl$fadd          fz_ws.l(faddsub_clz.o)
    0x0800c07c   0x0000008c   Code   RO          810    x$fpl$fnaninf       fz_ws.l(fnaninf.o)
    0x0800c108   0x0000000a   Code   RO          812    x$fpl$fretinf       fz_ws.l(fretinf.o)
    0x0800c112   0x00000002   PAD
    0x0800c114   0x000000ea   Code   RO          790    x$fpl$fsub          fz_ws.l(faddsub_clz.o)
    0x0800c1fe   0x00000004   Code   RO          794    x$fpl$printf1       fz_ws.l(printf1.o)
    0x0800c202   0x00000000   Code   RO          814    x$fpl$usenofp       fz_ws.l(usenofp.o)
    0x0800c202   0x00000002   PAD
    0x0800c204   0x00000104   Data   RO          346    .constdata          cpu_core.o
    0x0800c308   0x00000094   Data   RO          438    .constdata          lib_str.o
    0x0800c39c   0x000000a4   Data   RO          459    .constdata          os_cfg_app.o
    0x0800c440   0x0000016c   Data   RO          493    .constdata          os_dbg.o
    0x0800c5ac   0x00000094   Data   RO          844    .constdata          c_w.l(bigflt0.o)
    0x0800c640   0x00000020   Data   RO         1019    Region$$Table       anon$$obj.o
    0x0800c660   0x0000001c   Data   RO          872    locale$$data        c_w.l(lc_numeric_c.o)


    Execution Region RW_IRAM1 (Base: 0x20000000, Size: 0x00003d18, Max: 0x00010000, ABSOLUTE)

    Base Addr    Size         Type   Attr      Idx    E Section Name        Object

    0x20000000   0x00000004   Data   RW            3    .data               main.o
    0x20000004   0x00000014   Data   RW          178    .data               system_stm32f10x.o
    0x20000018   0x00000001   Data   RW          196    .data               driver.o
    0x20000019   0x00000001   PAD
    0x2000001a   0x00000004   Data   RW          209    .data               delay.o
    0x2000001e   0x00000002   PAD
    0x20000020   0x00000006   Data   RW          241    .data               usart.o
    0x20000026   0x00000014   Data   RW          316    .data               stm32f10x_rcc.o
    0x2000003a   0x00000002   PAD
    0x2000003c   0x00000004   Data   RW          347    .data               cpu_core.o
    0x20000040   0x00000004   Data   RW          420    .data               lib_mem.o
    0x20000044   0x00000008   Data   RW          574    .data               os_prio.o
    0x2000004c   0x000000c8   Data   RW          677    .data               os_var.o
    0x20000114   0x00000004   Data   RW          694    .data               os_cpu_c.o
    0x20000118   0x00001110   Zero   RW            2    .bss                main.o
    0x20001228   0x000000c8   Zero   RW          240    .bss                usart.o
    0x200012f0   0x00000010   Zero   RW          345    .bss                cpu_core.o
    0x20001300   0x00000448   Zero   RW          419    .bss                lib_mem.o
    0x20001748   0x00001490   Zero   RW          458    .bss                os_cfg_app.o
    0x20002bd8   0x000006e0   Zero   RW          676    .bss                os_var.o
    0x200032b8   0x00000060   Zero   RW          880    .bss                c_w.l(libspace.o)
    0x20003318   0x00000200   Zero   RW          273    HEAP                startup_stm32f10x_hd.o
    0x20003518   0x00000800   Zero   RW          272    STACK               startup_stm32f10x_hd.o



  Load Region LR$$.ARM.__AT_0x68000000 (Base: 0x68000000, Size: 0x00000000, Max: 0x000f0000, ABSOLUTE)

    Execution Region ER$$.ARM.__AT_0x68000000 (Base: 0x68000000, Size: 0x000f0000, Max: 0x000f0000, ABSOLUTE, UNINIT)

    Base Addr    Size         Type   Attr      Idx    E Section Name        Object

    0x68000000   0x000f0000   Zero   RW          727    .ARM.__AT_0x68000000  malloc.o



  Load Region LR$$.ARM.__AT_0x680F0000 (Base: 0x680f0000, Size: 0x00000000, Max: 0x0000f000, ABSOLUTE)

    Execution Region ER$$.ARM.__AT_0x680F0000 (Base: 0x680f0000, Size: 0x0000f000, Max: 0x0000f000, ABSOLUTE, UNINIT)

    Base Addr    Size         Type   Attr      Idx    E Section Name        Object

    0x680f0000   0x0000f000   Zero   RW          728    .ARM.__AT_0x680F0000  malloc.o


==============================================================================

Image component sizes


      Code (inc. data)   RO Data    RW Data    ZI Data      Debug   Object Name

       132         12          0          0          0       1115   bsp.o
        52          0          0          0          0        320   cpu_a.o
       680         14        260          4         16      14171   cpu_core.o
       332         28          0          4          0       1737   delay.o
       424         42          0          1          0       1031   driver.o
       598          0          0          0          0       3676   lib_ascii.o
      2502         32          0          4       1096      21660   lib_mem.o
       544          0          0          0          0        468   lib_mem_a.o
      2348          6        148          0          0      12998   lib_str.o
       964        140          0          4       4368     274539   main.o
         0          0          0          0    1044480       1489   malloc.o
       220         22          0          0          0       1781   misc.o
       252        166        164          0       5264      20818   os_cfg_app.o
      3588        294          0          0          0      11993   os_core.o
       152         32          0          0          0        380   os_cpu_a.o
       620         66          0          4          0       3669   os_cpu_c.o
       432        286        364          0          0       4689   os_dbg.o
      3624        110          0          0          0       7655   os_flag.o
      1092        146          0          0          0       2228   os_int.o
       568         20          0          0          0       2628   os_mem.o
       556         12          0          0          0       2687   os_msg.o
      2772        114          0          0          0       5346   os_mutex.o
       124          4          0          8          0       1684   os_prio.o
      2264         76          0          0          0       6024   os_q.o
      2096         70          0          0          0       6040   os_sem.o
      1592        180          0          0          0       2729   os_stat.o
      7092        270          0          0          0      13402   os_task.o
      1276         90          0          0          0       3185   os_tick.o
      1380         46          0          0          0       3125   os_time.o
      2072        140          0          0          0       6226   os_tmr.o
         0          0          0        200       1760      19317   os_var.o
        64         26        304          0       2560        780   startup_stm32f10x_hd.o
       860         38          0          0          0       5629   stm32f10x_gpio.o
        22          0          0          0          0        975   stm32f10x_it.o
       932         36          0         20          0       8784   stm32f10x_rcc.o
      1032         22          0          0          0       8352   stm32f10x_usart.o
         0          0          0          0          0         32   sys.o
       480         38          0         20          0       1671   system_stm32f10x.o
       336         18          0          6        200       3122   usart.o

    ----------------------------------------------------------------------
     44080       2596       1272        280    1059744     488155   Object Totals
         0          0         32          0          0          0   (incl. Generated)
         6          0          0          5          0          0   (incl. Padding)

    ----------------------------------------------------------------------

      Code (inc. data)   RO Data    RW Data    ZI Data      Debug   Library Member Name

         8          0          0          0          0         68   __main.o
       284          0          0          0          0        156   __printf_wp.o
         0          0          0          0          0          0   __rtentry.o
        12          0          0          0          0          0   __rtentry2.o
         6          0          0          0          0          0   __rtentry4.o
        52          8          0          0          0          0   __scatter.o
        26          0          0          0          0          0   __scatter_copy.o
        28          0          0          0          0          0   __scatter_zi.o
        48          6          0          0          0         96   _printf_char_common.o
        36          4          0          0          0         80   _printf_char_file.o
         6          0          0          0          0          0   _printf_f.o
      1050          0          0          0          0        216   _printf_fp_dec.o
       128         16          0          0          0         84   _printf_fp_infnan.o
         0          0          0          0          0          0   _printf_percent.o
         4          0          0          0          0          0   _printf_percent_end.o
       220          4        148          0          0         96   bigflt0.o
      1910        128          0          0          0        672   btod.o
        12          0          0          0          0         72   exit.o
         8          0          0          0          0         68   ferror.o
         6          0          0          0          0        152   heapauxi.o
        44         10         28          0          0         76   lc_numeric_c.o
         2          0          0          0          0          0   libinit.o
        18          0          0          0          0          0   libinit2.o
         2          0          0          0          0          0   libshutdown.o
         2          0          0          0          0          0   libshutdown2.o
         8          4          0          0         96         68   libspace.o
       138          0          0          0          0         80   lludiv10.o
       238          0          0          0          0        100   lludivv7m.o
        24          4          0          0          0         84   noretval__2printf.o
         8          4          0          0          0         68   rt_locale_intlibspace.o
         2          0          0          0          0          0   rtexit.o
        10          0          0          0          0          0   rtexit2.o
       128          0          0          0          0         68   strcmpv7m.o
        74          0          0          0          0         80   sys_stackheap_outer.o
         2          0          0          0          0         68   use_no_semi.o
         2          0          0          0          0         68   use_no_semi_2.o
        12          0          0          0          0         68   dretinf.o
        86          4          0          0          0         84   f2d.o
       430          8          0          0          0        168   faddsub_clz.o
       140          4          0          0          0         84   fnaninf.o
        10          0          0          0          0         68   fretinf.o
         4          0          0          0          0         68   printf1.o
         0          0          0          0          0          0   usenofp.o
        40          0          0          0          0         68   fpclassify.o

    ----------------------------------------------------------------------
      5284        204        176          0         96       3128   Library Totals
        16          0          0          0          0          0   (incl. Padding)

    ----------------------------------------------------------------------

      Code (inc. data)   RO Data    RW Data    ZI Data      Debug   Library Name

      4546        188        176          0         96       2520   c_w.l
       682         16          0          0          0        540   fz_ws.l
        40          0          0          0          0         68   m_ws.l

    ----------------------------------------------------------------------
      5284        204        176          0         96       3128   Library Totals

    ----------------------------------------------------------------------

==============================================================================


      Code (inc. data)   RO Data    RW Data    ZI Data      Debug   

     49364       2800       1448        280    1059840     486339   Grand Totals
     49364       2800       1448        280    1059840     486339   ELF Image Totals
     49364       2800       1448        280          0          0   ROM Totals

==============================================================================

    Total RO  Size (Code + RO Data)                50812 (  49.62kB)
    Total RW  Size (RW Data + ZI Data)           1060120 (1035.27kB)
    Total ROM Size (Code + RO Data + RW Data)      51092 (  49.89kB)

==============================================================================

